Microchip MPLAB XC8 Compiler V2.31

Linker command line:

-W-3 --edf=C:\Program Files\Microchip\xc8\v2.31\pic\dat\en_msgs.txt -cn \
  -h+dist/default/production\Lab_3.X.production.sym \
  --cmf=dist/default/production\Lab_3.X.production.cmf -z -Q16F887 \
  -oC:\Users\Universidad\AppData\Local\Temp\sc08.2 --defsym=__MPLAB_BUILD=1 \
  -Mdist/default/production/Lab_3.X.production.map -E1 -ver=XC8 Compiler \
  --acfsm=1493 -ASTACK=0110h-016Fh -pstack=STACK -ACODE=00h-07FFhx4 \
  -ASTRCODE=00h-01FFFh -ASTRING=00h-0FFhx32 -ACONST=00h-0FFhx32 \
  -AENTRY=00h-0FFhx32 -ACOMMON=070h-07Fh -ABANK0=020h-06Fh \
  -ABANK1=0A0h-0EFh -ABANK2=0110h-016Fh -ABANK3=0190h-01EFh \
  -ARAM=020h-06Fh,0A0h-0EFh,0110h-016Fh,0190h-01EFh \
  -AABS1=020h-07Fh,0A0h-0EFh,0110h-016Fh,0190h-01EFh -ASFR0=00h-01Fh \
  -ASFR1=080h-09Fh -ASFR2=0100h-010Fh -ASFR3=0180h-018Fh \
  -ACONFIG=02007h-02008h -DCONFIG=2 -AIDLOC=02000h-02003h -DIDLOC=2 \
  -AEEDATA=00h-0FFh/02100h -peeprom_data=EEDATA -DEEDATA=2 -DCODE=2 \
  -DSTRCODE=2 -DSTRING=2 -DCONST=2 -DENTRY=2 \
  -preset_vec=00h,intentry=04h,init,end_init -ppowerup=CODE -pcinit=CODE \
  -pfunctab=ENTRY -k C:\Users\Universidad\AppData\Local\Temp\sc08.o \
  dist/default/production\Lab_3.X.production.o 

Object code version is 3.11

Machine type is 16F887



                Name                               Link     Load   Length Selector   Space Scale
C:\Users\Universidad\AppData\Local\Temp\sc08.o
                end_init                             16       16        3        8       0
                reset_vec                             0        0        3        0       0
                config                             2007     2007        2        0       4
dist/default/production\Lab_3.X.production.o
                cinit                                19       19       15        8       0
                intentry                              4        4       12        8       0
                config                             2007     2007        2        0       4
                text39                             1190     1190      1DD     2320       0
                text38                             1C30     1C30       4E     3860       0
                text37                             1EB8     1EB8       A2     3D70       0
                text36                             1A20     1A20        B     3440       0
                text35                             1578     1578      288     2AF0       0
                text34                             1ADD     1ADD       24     35BA       0
                text33                              806      806       7C     100C       0
                text32                             1D7F     1D7F       66     3AFE       0
                text31                             1C7E     1C7E       54     38FC       0
                text30                             1B25     1B25       25     364A       0
                text29                             1019     1019       BA     2032       0
                text28                              882      882       BE     1104       0
                text27                             10D3     10D3       BD     21A6       0
                text26                              7CB      7CB       27        8       0
                text25                              C9F      C9F      361     193E       0
                text24                             1BEC     1BEC       44     37D8       0
                text23                             1B70     1B70       3A     36E0       0
                text22                             136D     136D      20B     26DA       0
                text21                             1A2B     1A2B       12     3456       0
                text20                             1DE5     1DE5       69     3BCA       0
                text19                             1D26     1D26       59     3A4C       0
                text18                              940      940      35F     1280       0
                text17                               2E       2E      658        8       0
                text16                              800      800        6     1000       0
                text15                             1A50     1A50       1A     34A0       0
                text14                             1B01     1B01       24     3602       0
                text13                             1003     1003       16     2006       0
                text12                             1BAA     1BAA       42     3754       0
                text11                              686      686      145        8       0
                text10                             1A10     1A10        8     3420       0
                text9                              1ABD     1ABD       20     357A       0
                text8                               7F2      7F2        D        8       0
                text7                              1E4E     1E4E       6A     3C9C       0
                text6                              1B4A     1B4A       26     3694       0
                text5                              1A85     1A85       1C     350A       0
                text4                              1CD2     1CD2       54     39A4       0
                text3                              1A3D     1A3D       13     347A       0
                text2                              1A6A     1A6A       1B     34D4       0
                text1                              1AA1     1AA1       1C     3542       0
                maintext                           1F5A     1F5A       A6     3EB4       0
                cstackBANK0                          20       20       4E       20       1
                cstackCOMMON                         70       70        E       70       1
                cstackBANK1                          A0       A0       2B       A0       1
                cstackBANK3                         1D4      1D4        C      190       1
                clrtext                            1A18     1A18        8     3430       0
                bssBANK3                            190      190       44      190       1
                bssBANK1                             CB       CB        6       A0       1
                strings                            1800     1800       B1     3000       0

TOTAL           Name                               Link     Load   Length     Space
        CLASS   STACK          

        CLASS   CODE           
                end_init                             16       16        3         0
                cinit                                19       19       15         0
                intentry                              4        4       12         0
                reset_vec                             0        0        3         0
                text39                             1190     1190      1DD         0
                text38                             1C30     1C30       4E         0
                text37                             1EB8     1EB8       A2         0
                text36                             1A20     1A20        B         0
                text35                             1578     1578      288         0
                text34                             1ADD     1ADD       24         0
                text33                              806      806       7C         0
                text32                             1D7F     1D7F       66         0
                text31                             1C7E     1C7E       54         0
                text30                             1B25     1B25       25         0
                text29                             1019     1019       BA         0
                text28                              882      882       BE         0
                text27                             10D3     10D3       BD         0
                text26                              7CB      7CB       27         0
                text25                              C9F      C9F      361         0
                text24                             1BEC     1BEC       44         0
                text23                             1B70     1B70       3A         0
                text22                             136D     136D      20B         0
                text21                             1A2B     1A2B       12         0
                text20                             1DE5     1DE5       69         0
                text19                             1D26     1D26       59         0
                text18                              940      940      35F         0
                text17                               2E       2E      658         0
                text16                              800      800        6         0
                text15                             1A50     1A50       1A         0
                text14                             1B01     1B01       24         0
                text13                             1003     1003       16         0
                text12                             1BAA     1BAA       42         0
                text11                              686      686      145         0
                text10                             1A10     1A10        8         0
                text9                              1ABD     1ABD       20         0
                text8                               7F2      7F2        D         0
                text7                              1E4E     1E4E       6A         0
                text6                              1B4A     1B4A       26         0
                text5                              1A85     1A85       1C         0
                text4                              1CD2     1CD2       54         0
                text3                              1A3D     1A3D       13         0
                text2                              1A6A     1A6A       1B         0
                text1                              1AA1     1AA1       1C         0
                maintext                           1F5A     1F5A       A6         0
                clrtext                            1A18     1A18        8         0

        CLASS   STRCODE        

        CLASS   STRING         
                strings                            1800     1800       B1         0

        CLASS   CONST          

        CLASS   ENTRY          

        CLASS   COMMON         
                cstackCOMMON                         70       70        E         1

        CLASS   BANK0          
                cstackBANK0                          20       20       4E         1

        CLASS   BANK1          
                cstackBANK1                          A0       A0       2B         1
                bssBANK1                             CB       CB        6         1

        CLASS   BANK2          

        CLASS   BANK3          
                cstackBANK3                         1D4      1D4        C         1
                bssBANK3                            190      190       44         1

        CLASS   RAM            

        CLASS   ABS1           
                abs_s1                               7E       7E        2         1

        CLASS   SFR0           

        CLASS   SFR1           

        CLASS   SFR2           

        CLASS   SFR3           

        CLASS   CONFIG         
                config                             2007     2007        2         4

        CLASS   IDLOC          

        CLASS   EEDATA         



SEGMENTS        Name                           Load    Length   Top    Selector   Space  Class     Delta

                reset_vec                      000000  000003  000003         0       0  CODE        2
                intentry                       000004  0007FB  0007FF         8       0  CODE        2
                cstackBANK0                    000020  00004E  00006E        20       1  BANK0       1
                cstackCOMMON                   000070  00000E  00007E        70       1  COMMON      1
                cstackBANK1                    0000A0  000031  0000D1        A0       1  BANK1       1
                bssBANK3                       000190  000050  0001E0       190       1  BANK3       1
                text16                         000800  000006  000806      1000       0  CODE        2
                text33                         000806  00007C  000882      100C       0  CODE        2
                text28                         000882  0000BE  000940      1104       0  CODE        2
                text18                         000940  00035F  000C9F      1280       0  CODE        2
                text25                         000C9F  000361  001000      193E       0  CODE        2
                text13                         001003  000016  001019      2006       0  CODE        2
                text29                         001019  0000BA  0010D3      2032       0  CODE        2
                text27                         0010D3  0000BD  001190      21A6       0  CODE        2
                text39                         001190  0001DD  00136D      2320       0  CODE        2
                text22                         00136D  00020B  001578      26DA       0  CODE        2
                text35                         001578  000288  001800      2AF0       0  CODE        2
                strings                        001800  0000B1  0018B1      3000       0  STRING      2
                text10                         001A10  000008  001A18      3420       0  CODE        2
                clrtext                        001A18  000008  001A20      3430       0  CODE        2
                text36                         001A20  00000B  001A2B      3440       0  CODE        2
                text21                         001A2B  000012  001A3D      3456       0  CODE        2
                text3                          001A3D  000013  001A50      347A       0  CODE        2
                text15                         001A50  00001A  001A6A      34A0       0  CODE        2
                text2                          001A6A  00001B  001A85      34D4       0  CODE        2
                text5                          001A85  00001C  001AA1      350A       0  CODE        2
                text1                          001AA1  00001C  001ABD      3542       0  CODE        2
                text9                          001ABD  000020  001ADD      357A       0  CODE        2
                text34                         001ADD  000024  001B01      35BA       0  CODE        2
                text14                         001B01  000024  001B25      3602       0  CODE        2
                text30                         001B25  000025  001B4A      364A       0  CODE        2
                text6                          001B4A  000026  001B70      3694       0  CODE        2
                text23                         001B70  00003A  001BAA      36E0       0  CODE        2
                text12                         001BAA  000042  001BEC      3754       0  CODE        2
                text24                         001BEC  000044  001C30      37D8       0  CODE        2
                text38                         001C30  00004E  001C7E      3860       0  CODE        2
                text31                         001C7E  000054  001CD2      38FC       0  CODE        2
                text4                          001CD2  000054  001D26      39A4       0  CODE        2
                text19                         001D26  000059  001D7F      3A4C       0  CODE        2
                text32                         001D7F  000066  001DE5      3AFE       0  CODE        2
                text20                         001DE5  000069  001E4E      3BCA       0  CODE        2
                text7                          001E4E  00006A  001EB8      3C9C       0  CODE        2
                text37                         001EB8  0000A2  001F5A      3D70       0  CODE        2
                maintext                       001F5A  0000A6  002000      3EB4       0  CODE        2


UNUSED ADDRESS RANGES

        Name                Unused          Largest block    Delta
        BANK0            006E-006F              2           1
        BANK1            00D1-00EF             1F           1
        BANK2            0110-016F             60           1
        BANK3            01E0-01EF             10           1
        CODE             0003-0003              1           2
                         07FF-07FF              1
                         1000-1002              3
                         18B1-1A0F            15F
        CONST            0003-0003              1           2
                         07FF-07FF              1
                         1000-1002              3
                         18B1-1A0F            100
        EEDATA           2100-21FF            100           2
        ENTRY            0003-0003              1           2
                         07FF-07FF              1
                         1000-1002              3
                         18B1-1A0F            100
        IDLOC            2000-2003              4           2
        RAM              006E-006F              2           1
                         00D1-00EF             1F
                         0110-016F             60
                         01E0-01EF             10
        SFR0             0000-001F             20           1
        SFR1             0080-009F             20           1
        SFR2             0100-010F             10           1
        SFR3             0180-018F             10           1
        STACK            0110-016F             60           1
        STRCODE          0003-0003              1           2
                         07FF-07FF              1
                         1000-1002              3
                         18B1-1A0F            15F
        STRING           0003-0003              1           2
                         07FF-07FF              1
                         1000-1002              3
                         18B1-1A0F            100

                                  Symbol Table

?__Umul8_16                  cstackCOMMON 0070
?___awdiv                    cstackCOMMON 0077
?___awmod                    cstackCOMMON 0070
?___fladd                    cstackBANK0  0052
?___fldiv                    cstackBANK0  003E
?___flmul                    cstackBANK0  0024
?___flneg                    cstackCOMMON 0070
?___flsub                    cstackBANK0  0066
?___fltol                    cstackBANK0  0051
?___lldiv                    cstackCOMMON 0070
?___llmod                    cstackCOMMON 0070
?___lwdiv                    cstackCOMMON 0076
?___lwmod                    cstackCOMMON 0070
?___wmul                     cstackCOMMON 0070
?___xxtofl                   cstackCOMMON 0070
?__div_to_l_                 cstackCOMMON 0070
?__tdiv_to_l_                cstackCOMMON 0070
?_fround                     cstackBANK0  003E
?_scale                      cstackBANK0  003E
?_sprintf                    cstackBANK1  00A0
Lcd_Cmd@a                    cstackBANK3  01D7
Lcd_Port@a                   cstackBANK3  01D4
Lcd_Set_Cursor@a             cstackBANK3  01DA
Lcd_Set_Cursor@b             cstackBANK3  01D8
Lcd_Set_Cursor@temp          cstackBANK3  01DB
Lcd_Write_Char@a             cstackBANK3  01D6
Lcd_Write_String@a           cstackBANK3  01D7
Lcd_Write_String@i           cstackBANK3  01DC
_ADCON0bits                  (abs)        001F
_ADCON1                      (abs)        009F
_ADRESH                      (abs)        001E
_ANSEL                       (abs)        0188
_ANSELH                      (abs)        0189
_ANSELbits                   (abs)        0188
_INTCONbits                  (abs)        000B
_ISR                         text11       0686
_Lcd_Clear                   text8        07F2
_Lcd_Cmd                     text9        1ABD
_Lcd_Init                    text7        1E4E
_Lcd_Port                    text10       1A10
_Lcd_Set_Cursor              text6        1B4A
_Lcd_Write_Char              text5        1A85
_Lcd_Write_String            text4        1CD2
_PIE1bits                    (abs)        008C
_PIR1bits                    (abs)        000C
_PORTB                       (abs)        0006
_PORTC                       (abs)        0007
_PORTD                       (abs)        0008
_PORTE                       (abs)        0009
_RE0                         (abs)        0048
_RE1                         (abs)        0049
_TRISA                       (abs)        0085
_TRISAbits                   (abs)        0085
_TRISB                       (abs)        0086
_TRISC                       (abs)        0087
_TRISD                       (abs)        0088
_TRISE                       (abs)        0089
__Habs1                      abs1         0000
__Hbank0                     bank0        0000
__Hbank1                     bank1        0000
__Hbank2                     bank2        0000
__Hbank3                     bank3        0000
__HbssBANK1                  bssBANK1     0000
__HbssBANK3                  bssBANK3     0000
__Hcinit                     cinit        002E
__Hclrtext                   clrtext      0000
__Hcode                      code         0000
__Hcommon                    common       0000
__Hconfig                    config       2009
__HcstackBANK0               cstackBANK0  0000
__HcstackBANK1               cstackBANK1  0000
__HcstackBANK3               cstackBANK3  0000
__HcstackCOMMON              cstackCOMMON 0000
__Heeprom_data               eeprom_data  0000
__Hend_init                  end_init     0019
__Hfunctab                   functab      0000
__Hinit                      init         0016
__Hintentry                  intentry     0016
__Hmaintext                  maintext     0000
__Hpowerup                   powerup      0000
__Hram                       ram          0000
__Hreset_vec                 reset_vec    0003
__Hsfr0                      sfr0         0000
__Hsfr1                      sfr1         0000
__Hsfr2                      sfr2         0000
__Hsfr3                      sfr3         0000
__Hspace_0                   (abs)        2000
__Hspace_1                   (abs)        01E0
__Hspace_2                   (abs)        0000
__Hspace_3                   (abs)        0000
__Hspace_4                   (abs)        4010
__Hstack                     stack        0000
__Hstrings                   strings      0000
__Htext                      text         0000
__Labs1                      abs1         0000
__Lbank0                     bank0        0000
__Lbank1                     bank1        0000
__Lbank2                     bank2        0000
__Lbank3                     bank3        0000
__LbssBANK1                  bssBANK1     0000
__LbssBANK3                  bssBANK3     0000
__Lcinit                     cinit        0019
__Lclrtext                   clrtext      0000
__Lcode                      code         0000
__Lcommon                    common       0000
__Lconfig                    config       0000
__LcstackBANK0               cstackBANK0  0000
__LcstackBANK1               cstackBANK1  0000
__LcstackBANK3               cstackBANK3  0000
__LcstackCOMMON              cstackCOMMON 0000
__Leeprom_data               eeprom_data  0000
__Lend_init                  end_init     0016
__Lfunctab                   functab      0000
__Linit                      init         0016
__Lintentry                  intentry     0004
__Lmaintext                  maintext     0000
__Lpowerup                   powerup      0000
__Lram                       ram          0000
__Lreset_vec                 reset_vec    0000
__Lsfr0                      sfr0         0000
__Lsfr1                      sfr1         0000
__Lsfr2                      sfr2         0000
__Lsfr3                      sfr3         0000
__Lspace_0                   (abs)        0000
__Lspace_1                   (abs)        0000
__Lspace_2                   (abs)        0000
__Lspace_3                   (abs)        0000
__Lspace_4                   (abs)        0000
__Lstack                     stack        0000
__Lstrings                   strings      0000
__Ltext                      text         0000
__S0                         (abs)        2000
__S1                         (abs)        01E0
__S2                         (abs)        0000
__S3                         (abs)        0000
__Umul8_16                   text26       07CB
__Umul8_16@multiplicand      cstackCOMMON 0070
__Umul8_16@multiplier        cstackCOMMON 0078
__Umul8_16@product           cstackCOMMON 0074
__Umul8_16@word_mpld         cstackCOMMON 0076
___awdiv                     text20       1DE5
___awdiv@counter             cstackBANK0  0020
___awdiv@dividend            cstackCOMMON 0079
___awdiv@divisor             cstackCOMMON 0077
___awdiv@quotient            cstackBANK0  0022
___awdiv@sign                cstackBANK0  0021
___awmod                     text19       1D26
___awmod@counter             cstackCOMMON 0075
___awmod@dividend            cstackCOMMON 0072
___awmod@divisor             cstackCOMMON 0070
___awmod@sign                cstackCOMMON 0076
___fladd                     text35       1578
___fladd@a                   cstackBANK0  0056
___fladd@aexp                cstackBANK0  0063
___fladd@b                   cstackBANK0  0052
___fladd@bexp                cstackBANK0  0064
___fladd@grs                 cstackBANK0  0065
___fladd@signs               cstackBANK0  0062
___fldiv                     text39       1190
___fldiv@a                   cstackBANK0  003E
___fldiv@aexp                cstackBANK0  0057
___fldiv@b                   cstackBANK0  0042
___fldiv@bexp                cstackBANK0  0056
___fldiv@grs                 cstackBANK0  0052
___fldiv@new_exp             cstackBANK0  0050
___fldiv@rem                 cstackBANK0  004B
___fldiv@sign                cstackBANK0  004F
___fleq                      text38       1C30
___fleq@ff1                  cstackCOMMON 0070
___fleq@ff2                  cstackCOMMON 0074
___flge                      text37       1EB8
___flge@ff1                  cstackCOMMON 0070
___flge@ff2                  cstackCOMMON 0074
___flmul                     text25       0C9F
___flmul@a                   cstackBANK0  0028
___flmul@aexp                cstackBANK0  0036
___flmul@b                   cstackBANK0  0024
___flmul@bexp                cstackBANK0  0037
___flmul@grs                 cstackBANK0  0032
___flmul@prod                cstackBANK0  0038
___flmul@sign                cstackBANK0  0031
___flmul@temp                cstackBANK0  003C
___flneg                     text36       1A20
___flneg@f1                  cstackCOMMON 0070
___flsub                     text34       1ADD
___flsub@a                   cstackBANK0  0066
___flsub@b                   cstackBANK0  006A
___fltol                     text33       0806
___fltol@exp1                cstackBANK0  005B
___fltol@f1                  cstackBANK0  0051
___fltol@sign1               cstackBANK0  005A
___int_sp                    stack        0000
___latbits                   (abs)        0002
___lldiv                     text32       1D7F
___lldiv@counter             cstackCOMMON 007D
___lldiv@dividend            cstackCOMMON 0074
___lldiv@divisor             cstackCOMMON 0070
___lldiv@quotient            cstackCOMMON 0079
___llmod                     text31       1C7E
___llmod@counter             cstackCOMMON 0079
___llmod@dividend            cstackCOMMON 0074
___llmod@divisor             cstackCOMMON 0070
___lwdiv                     text24       1BEC
___lwdiv@counter             cstackCOMMON 007D
___lwdiv@dividend            cstackCOMMON 0078
___lwdiv@divisor             cstackCOMMON 0076
___lwdiv@quotient            cstackCOMMON 007B
___lwmod                     text23       1B70
___lwmod@counter             cstackCOMMON 0075
___lwmod@dividend            cstackCOMMON 0072
___lwmod@divisor             cstackCOMMON 0070
___sp                        stack        0000
___stackhi                   (abs)        0000
___stacklo                   (abs)        0000
___wmul                      text30       1B25
___wmul@multiplicand         cstackCOMMON 0072
___wmul@multiplier           cstackCOMMON 0070
___wmul@product              cstackCOMMON 0074
___xxtofl                    text29       1019
___xxtofl@arg                cstackCOMMON 007A
___xxtofl@exp                cstackCOMMON 0079
___xxtofl@sign               cstackCOMMON 0078
___xxtofl@val                cstackCOMMON 0070
__div_to_l_                  text28       0882
__div_to_l_@cntr             cstackBANK0  0024
__div_to_l_@exp1             cstackBANK0  0025
__div_to_l_@f1               cstackCOMMON 0070
__div_to_l_@f2               cstackCOMMON 0074
__div_to_l_@quot             cstackBANK0  0020
__end_of_ISR                 text11       07CB
__end_of_Lcd_Clear           text8        07FF
__end_of_Lcd_Cmd             text9        1ADD
__end_of_Lcd_Init            text7        1EB8
__end_of_Lcd_Port            text10       1A18
__end_of_Lcd_Set_Cursor      text6        1B70
__end_of_Lcd_Write_Char      text5        1AA1
__end_of_Lcd_Write_String    text4        1D26
__end_of__Umul8_16           text26       07F2
__end_of___awdiv             text20       1E4E
__end_of___awmod             text19       1D7F
__end_of___fladd             text35       1800
__end_of___fldiv             text39       136D
__end_of___fleq              text38       1C7E
__end_of___flge              text37       1F5A
__end_of___flmul             text25       1000
__end_of___flneg             text36       1A2B
__end_of___flsub             text34       1B01
__end_of___fltol             text33       0882
__end_of___lldiv             text32       1DE5
__end_of___llmod             text31       1CD2
__end_of___lwdiv             text24       1C30
__end_of___lwmod             text23       1BAA
__end_of___wmul              text30       1B4A
__end_of___xxtofl            text29       10D3
__end_of__div_to_l_          text28       0940
__end_of__initialization     cinit        002A
__end_of__npowers_           strings      1878
__end_of__powers_            strings      1844
__end_of__stringtab          strings      1810
__end_of__tdiv_to_l_         text27       1190
__end_of_confADC             text3        1A50
__end_of_conf_ch             text2        1A85
__end_of_config              text1        1ABD
__end_of_dpowers             strings      18A0
__end_of_fround              text22       1578
__end_of_isdigit             text21       1A3D
__end_of_main                maintext     2000
__end_of_scale               text18       0C9F
__end_of_sprintf             text17       0686
__end_ofi1_Lcd_Cmd           text15       1A6A
__end_ofi1_Lcd_Port          text16       0806
__end_ofi1_Lcd_Set_Cursor    text14       1B25
__end_ofi1_Lcd_Write_Char    text13       1019
__end_ofi1_Lcd_Write_String  text12       1BEC
__initialization             cinit        0019
__npowers_                   strings      1844
__pbssBANK1                  bssBANK1     00CB
__pbssBANK3                  bssBANK3     0190
__pcstackBANK0               cstackBANK0  0020
__pcstackBANK1               cstackBANK1  00A0
__pcstackBANK3               cstackBANK3  01D4
__pcstackCOMMON              cstackCOMMON 0070
__pintentry                  intentry     0004
__pmaintext                  maintext     1F5A
__powers_                    strings      1810
__pstrings                   strings      1800
__ptext1                     text1        1AA1
__ptext10                    text10       1A10
__ptext11                    text11       0686
__ptext12                    text12       1BAA
__ptext13                    text13       1003
__ptext14                    text14       1B01
__ptext15                    text15       1A50
__ptext16                    text16       0800
__ptext17                    text17       002E
__ptext18                    text18       0940
__ptext19                    text19       1D26
__ptext2                     text2        1A6A
__ptext20                    text20       1DE5
__ptext21                    text21       1A2B
__ptext22                    text22       136D
__ptext23                    text23       1B70
__ptext24                    text24       1BEC
__ptext25                    text25       0C9F
__ptext26                    text26       07CB
__ptext27                    text27       10D3
__ptext28                    text28       0882
__ptext29                    text29       1019
__ptext3                     text3        1A3D
__ptext30                    text30       1B25
__ptext31                    text31       1C7E
__ptext32                    text32       1D7F
__ptext33                    text33       0806
__ptext34                    text34       1ADD
__ptext35                    text35       1578
__ptext36                    text36       1A20
__ptext37                    text37       1EB8
__ptext38                    text38       1C30
__ptext39                    text39       1190
__ptext4                     text4        1CD2
__ptext5                     text5        1A85
__ptext6                     text6        1B4A
__ptext7                     text7        1E4E
__ptext8                     text8        07F2
__ptext9                     text9        1ABD
__size_of_ISR                (abs)        0000
__size_of_Lcd_Clear          (abs)        0000
__size_of_Lcd_Cmd            (abs)        0000
__size_of_Lcd_Init           (abs)        0000
__size_of_Lcd_Port           (abs)        0000
__size_of_Lcd_Set_Cursor     (abs)        0000
__size_of_Lcd_Write_Char     (abs)        0000
__size_of_Lcd_Write_String   (abs)        0000
__size_of__Umul8_16          (abs)        0000
__size_of___awdiv            (abs)        0000
__size_of___awmod            (abs)        0000
__size_of___fladd            (abs)        0000
__size_of___fldiv            (abs)        0000
__size_of___fleq             (abs)        0000
__size_of___flge             (abs)        0000
__size_of___flmul            (abs)        0000
__size_of___flneg            (abs)        0000
__size_of___flsub            (abs)        0000
__size_of___fltol            (abs)        0000
__size_of___lldiv            (abs)        0000
__size_of___llmod            (abs)        0000
__size_of___lwdiv            (abs)        0000
__size_of___lwmod            (abs)        0000
__size_of___wmul             (abs)        0000
__size_of___xxtofl           (abs)        0000
__size_of__div_to_l_         (abs)        0000
__size_of__tdiv_to_l_        (abs)        0000
__size_of_confADC            (abs)        0000
__size_of_conf_ch            (abs)        0000
__size_of_config             (abs)        0000
__size_of_fround             (abs)        0000
__size_of_isdigit            (abs)        0000
__size_of_main               (abs)        0000
__size_of_scale              (abs)        0000
__size_of_sprintf            (abs)        0000
__size_ofi1_Lcd_Cmd          (abs)        0000
__size_ofi1_Lcd_Port         (abs)        0000
__size_ofi1_Lcd_Set_Cursor   (abs)        0000
__size_ofi1_Lcd_Write_Char   (abs)        0000
__size_ofi1_Lcd_Write_String (abs)        0000
__stringbase                 strings      180F
__stringtab                  strings      1800
__tdiv_to_l_                 text27       10D3
__tdiv_to_l_@cntr            cstackBANK0  0024
__tdiv_to_l_@exp1            cstackBANK0  0025
__tdiv_to_l_@f1              cstackCOMMON 0070
__tdiv_to_l_@f2              cstackCOMMON 0074
__tdiv_to_l_@quot            cstackBANK0  0020
_adc_fin                     bssBANK3     0190
_buffer                      bssBANK3     0194
_confADC                     text3        1A3D
_conf_ch                     text2        1A6A
_config                      text1        1AA1
_dpowers                     strings      1878
_fround                      text22       136D
_fround$1043                 cstackBANK0  004D
_fround$1044                 cstackBANK0  0049
_isdigit                     text21       1A2B
_isdigit$862                 cstackCOMMON 0070
_main                        maintext     1F5A
_pot                         bssBANK3     0192
_scale                       text18       0940
_scale$1045                  cstackBANK0  004C
_sprintf                     text17       002E
_sprintf$1046                cstackBANK1  00AA
_val_pot1                    bssBANK1     00D0
_val_pot2                    bssBANK1     00CF
_voltaje                     bssBANK1     00CB
btemp                        (abs)        007E
clear_ram0                   clrtext      1A18
conf_ch@sel                  cstackBANK3  01D4
end_of_initialization        cinit        002A
fround@prec                  cstackBANK0  0051
i1Lcd_Cmd@a                  cstackCOMMON 0073
i1Lcd_Port@a                 cstackCOMMON 0070
i1Lcd_Set_Cursor@a           cstackCOMMON 0076
i1Lcd_Set_Cursor@b           cstackCOMMON 0074
i1Lcd_Set_Cursor@temp        cstackCOMMON 0077
i1Lcd_Write_Char@a           cstackCOMMON 0072
i1Lcd_Write_String@a         cstackCOMMON 0073
i1Lcd_Write_String@i         cstackCOMMON 0078
i1_Lcd_Cmd                   text15       1A50
i1_Lcd_Port                  text16       0800
i1_Lcd_Set_Cursor            text14       1B01
i1_Lcd_Write_Char            text13       1003
i1_Lcd_Write_String          text12       1BAA
interrupt_function           intentry     0004
intlevel0                    functab      0000
intlevel1                    functab      0000
intlevel2                    functab      0000
intlevel3                    functab      0000
intlevel4                    functab      0000
intlevel5                    functab      0000
isdigit@c                    cstackCOMMON 0071
reset_vec                    reset_vec    0000
saved_w                      (abs)        007E
scale@scl                    cstackBANK0  0050
sprintf@ap                   cstackBANK1  00AE
sprintf@c                    cstackBANK1  00C2
sprintf@eexp                 cstackBANK1  00B5
sprintf@f                    cstackBANK1  00A0
sprintf@flag                 cstackBANK1  00AF
sprintf@fval                 cstackBANK1  00BE
sprintf@prec                 cstackBANK1  00BC
sprintf@sp                   cstackBANK1  00BB
sprintf@tmpval               cstackBANK1  00B7
sprintf@val                  cstackBANK1  00B1
start                        init         0016
start_initialization         cinit        0019
wtemp0                       (abs)        007E


FUNCTION INFORMATION:

 *************** function _main *****************
 Defined at:
		line 56 in file "main.c"
 Parameters:    Size  Location     Type
		None
 Auto vars:     Size  Location     Type
		None
 Return value:  Size  Location     Type
                  1    wreg      void 
 Registers used:
		wreg, fsr0l, fsr0h, status,2, status,0, btemp+1, pclath, cstack
 Tracked objects:
		On entry : 
		On exit  : 
		Unchanged: 
 Data sizes:     COMMON   BANK0   BANK1   BANK3   BANK2
      Params:         0       0       0       0       0
      Locals:         0       0       0       0       0
      Temps:          0       0       0       2       0
      Totals:         0       0       0       2       0
Total ram usage:        2 bytes
 Hardware stack levels required when called:    8
 This function calls:
		_Lcd_Clear
		_Lcd_Init
		_Lcd_Set_Cursor
		_Lcd_Write_String
		_confADC
		_conf_ch
		_config
 This function is called by:
		Startup code after reset
 This function uses a non-reentrant model


 *************** function _config *****************
 Defined at:
		line 91 in file "main.c"
 Parameters:    Size  Location     Type
		None
 Auto vars:     Size  Location     Type
		None
 Return value:  Size  Location     Type
                  1    wreg      void 
 Registers used:
		status,2
 Tracked objects:
		On entry : 
		On exit  : 
		Unchanged: 
 Data sizes:     COMMON   BANK0   BANK1   BANK3   BANK2
      Params:         0       0       0       0       0
      Locals:         0       0       0       0       0
      Temps:          0       0       0       0       0
      Totals:         0       0       0       0       0
Total ram usage:        0 bytes
 Hardware stack levels used:    1
 Hardware stack levels required when called:    5
 This function calls:
		Nothing
 This function is called by:
		_main
 This function uses a non-reentrant model


 *************** function _conf_ch *****************
 Defined at:
		line 18 in file "Adc_int_.c"
 Parameters:    Size  Location     Type
  sel             2    0[BANK3 ] int 
 Auto vars:     Size  Location     Type
		None
 Return value:  Size  Location     Type
                  1    wreg      void 
 Registers used:
		wreg, status,2, status,0
 Tracked objects:
		On entry : 
		On exit  : 
		Unchanged: 
 Data sizes:     COMMON   BANK0   BANK1   BANK3   BANK2
      Params:         0       0       0       2       0
      Locals:         0       0       0       0       0
      Temps:          0       0       0       0       0
      Totals:         0       0       0       2       0
Total ram usage:        2 bytes
 Hardware stack levels used:    1
 Hardware stack levels required when called:    5
 This function calls:
		Nothing
 This function is called by:
		_main
 This function uses a non-reentrant model


 *************** function _confADC *****************
 Defined at:
		line 3 in file "Adc_int_.c"
 Parameters:    Size  Location     Type
		None
 Auto vars:     Size  Location     Type
		None
 Return value:  Size  Location     Type
                  1    wreg      void 
 Registers used:
		wreg, status,2, status,0
 Tracked objects:
		On entry : 
		On exit  : 
		Unchanged: 
 Data sizes:     COMMON   BANK0   BANK1   BANK3   BANK2
      Params:         0       0       0       0       0
      Locals:         0       0       0       0       0
      Temps:          0       0       0       0       0
      Totals:         0       0       0       0       0
Total ram usage:        0 bytes
 Hardware stack levels used:    1
 Hardware stack levels required when called:    5
 This function calls:
		Nothing
 This function is called by:
		_main
 This function uses a non-reentrant model


 *************** function _Lcd_Write_String *****************
 Defined at:
		line 62 in file "lcd.c"
 Parameters:    Size  Location     Type
  a               2    3[BANK3 ] PTR unsigned char 
		 -> buffer(64), STR_3(4), STR_2(4), STR_1(4), 
 Auto vars:     Size  Location     Type
  i               2    8[BANK3 ] int 
 Return value:  Size  Location     Type
                  1    wreg      void 
 Registers used:
		wreg, fsr0l, fsr0h, status,2, status,0, btemp+1, pclath, cstack
 Tracked objects:
		On entry : 
		On exit  : 
		Unchanged: 
 Data sizes:     COMMON   BANK0   BANK1   BANK3   BANK2
      Params:         0       0       0       2       0
      Locals:         0       0       0       2       0
      Temps:          0       0       0       3       0
      Totals:         0       0       0       7       0
Total ram usage:        7 bytes
 Hardware stack levels used:    1
 Hardware stack levels required when called:    7
 This function calls:
		_Lcd_Write_Char
 This function is called by:
		_main
 This function uses a non-reentrant model


 *************** function _Lcd_Write_Char *****************
 Defined at:
		line 54 in file "lcd.c"
 Parameters:    Size  Location     Type
  a               1    wreg     unsigned char 
 Auto vars:     Size  Location     Type
  a               1    2[BANK3 ] unsigned char 
 Return value:  Size  Location     Type
                  1    wreg      void 
 Registers used:
		wreg, status,2, status,0, pclath, cstack
 Tracked objects:
		On entry : 
		On exit  : 
		Unchanged: 
 Data sizes:     COMMON   BANK0   BANK1   BANK3   BANK2
      Params:         0       0       0       0       0
      Locals:         0       0       0       1       0
      Temps:          0       0       0       1       0
      Totals:         0       0       0       2       0
Total ram usage:        2 bytes
 Hardware stack levels used:    1
 Hardware stack levels required when called:    6
 This function calls:
		_Lcd_Port
 This function is called by:
		_Lcd_Write_String
 This function uses a non-reentrant model


 *************** function _Lcd_Set_Cursor *****************
 Defined at:
		line 25 in file "lcd.c"
 Parameters:    Size  Location     Type
  a               1    wreg     unsigned char 
  b               1    4[BANK3 ] unsigned char 
 Auto vars:     Size  Location     Type
  a               1    6[BANK3 ] unsigned char 
  temp            1    7[BANK3 ] unsigned char 
 Return value:  Size  Location     Type
                  1    wreg      void 
 Registers used:
		wreg, status,2, status,0, pclath, cstack
 Tracked objects:
		On entry : 
		On exit  : 
		Unchanged: 
 Data sizes:     COMMON   BANK0   BANK1   BANK3   BANK2
      Params:         0       0       0       1       0
      Locals:         0       0       0       2       0
      Temps:          0       0       0       1       0
      Totals:         0       0       0       4       0
Total ram usage:        4 bytes
 Hardware stack levels used:    1
 Hardware stack levels required when called:    7
 This function calls:
		_Lcd_Cmd
 This function is called by:
		_main
 This function uses a non-reentrant model


 *************** function _Lcd_Init *****************
 Defined at:
		line 36 in file "lcd.c"
 Parameters:    Size  Location     Type
		None
 Auto vars:     Size  Location     Type
		None
 Return value:  Size  Location     Type
                  1    wreg      void 
 Registers used:
		wreg, status,2, status,0, pclath, cstack
 Tracked objects:
		On entry : 
		On exit  : 
		Unchanged: 
 Data sizes:     COMMON   BANK0   BANK1   BANK3   BANK2
      Params:         0       0       0       0       0
      Locals:         0       0       0       0       0
      Temps:          0       0       0       3       0
      Totals:         0       0       0       3       0
Total ram usage:        3 bytes
 Hardware stack levels used:    1
 Hardware stack levels required when called:    7
 This function calls:
		_Lcd_Cmd
		_Lcd_Port
 This function is called by:
		_main
 This function uses a non-reentrant model


 *************** function _Lcd_Clear *****************
 Defined at:
		line 20 in file "lcd.c"
 Parameters:    Size  Location     Type
		None
 Auto vars:     Size  Location     Type
		None
 Return value:  Size  Location     Type
                  1    wreg      void 
 Registers used:
		wreg, status,2, status,0, pclath, cstack
 Tracked objects:
		On entry : 
		On exit  : 
		Unchanged: 
 Data sizes:     COMMON   BANK0   BANK1   BANK3   BANK2
      Params:         0       0       0       0       0
      Locals:         0       0       0       0       0
      Temps:          0       0       0       0       0
      Totals:         0       0       0       0       0
Total ram usage:        0 bytes
 Hardware stack levels used:    1
 Hardware stack levels required when called:    7
 This function calls:
		_Lcd_Cmd
 This function is called by:
		_main
 This function uses a non-reentrant model


 *************** function _Lcd_Cmd *****************
 Defined at:
		line 12 in file "lcd.c"
 Parameters:    Size  Location     Type
  a               1    wreg     unsigned char 
 Auto vars:     Size  Location     Type
  a               1    3[BANK3 ] unsigned char 
 Return value:  Size  Location     Type
                  1    wreg      void 
 Registers used:
		wreg, status,2, status,0, pclath, cstack
 Tracked objects:
		On entry : 
		On exit  : 
		Unchanged: 
 Data sizes:     COMMON   BANK0   BANK1   BANK3   BANK2
      Params:         0       0       0       0       0
      Locals:         0       0       0       1       0
      Temps:          0       0       0       2       0
      Totals:         0       0       0       3       0
Total ram usage:        3 bytes
 Hardware stack levels used:    1
 Hardware stack levels required when called:    6
 This function calls:
		_Lcd_Port
 This function is called by:
		_Lcd_Clear
		_Lcd_Set_Cursor
		_Lcd_Init
		_Lcd_Shift_Right
		_Lcd_Shift_Left
 This function uses a non-reentrant model


 *************** function _Lcd_Port *****************
 Defined at:
		line 8 in file "lcd.c"
 Parameters:    Size  Location     Type
  a               1    wreg     unsigned char 
 Auto vars:     Size  Location     Type
  a               1    0[BANK3 ] unsigned char 
 Return value:  Size  Location     Type
                  1    wreg      void 
 Registers used:
		wreg
 Tracked objects:
		On entry : 
		On exit  : 
		Unchanged: 
 Data sizes:     COMMON   BANK0   BANK1   BANK3   BANK2
      Params:         0       0       0       0       0
      Locals:         0       0       0       1       0
      Temps:          0       0       0       0       0
      Totals:         0       0       0       1       0
Total ram usage:        1 bytes
 Hardware stack levels used:    1
 Hardware stack levels required when called:    5
 This function calls:
		Nothing
 This function is called by:
		_Lcd_Cmd
		_Lcd_Init
		_Lcd_Write_Char
 This function uses a non-reentrant model


 *************** function _ISR *****************
 Defined at:
		line 118 in file "main.c"
 Parameters:    Size  Location     Type
		None
 Auto vars:     Size  Location     Type
		None
 Return value:  Size  Location     Type
                  1    wreg      void 
 Registers used:
		wreg, fsr0l, fsr0h, status,2, status,0, btemp+1, pclath, cstack
 Tracked objects:
		On entry : 
		On exit  : 
		Unchanged: 
 Data sizes:     COMMON   BANK0   BANK1   BANK3   BANK2
      Params:         0       0       0       0       0
      Locals:         0       0       0       0       0
      Temps:          0       0       8       0       0
      Totals:         0       0       8       0       0
Total ram usage:        8 bytes
 Hardware stack levels used:    1
 Hardware stack levels required when called:    4
 This function calls:
		___fldiv
		___flmul
		___xxtofl
		_sprintf
		i1_Lcd_Set_Cursor
		i1_Lcd_Write_String
 This function is called by:
		Interrupt level 1
 This function uses a non-reentrant model


 *************** function i1_Lcd_Write_String *****************
 Defined at:
		line 62 in file "lcd.c"
 Parameters:    Size  Location     Type
  a               2    3[COMMON] PTR unsigned char 
		 -> buffer(64), STR_3(4), STR_2(4), STR_1(4), 
 Auto vars:     Size  Location     Type
  i               2    8[COMMON] int 
 Return value:  Size  Location     Type
                  1    wreg      void 
 Registers used:
		wreg, fsr0l, fsr0h, status,2, status,0, btemp+1, pclath, cstack
 Tracked objects:
		On entry : 
		On exit  : 
		Unchanged: 
 Data sizes:     COMMON   BANK0   BANK1   BANK3   BANK2
      Params:         2       0       0       0       0
      Locals:         2       0       0       0       0
      Temps:          3       0       0       0       0
      Totals:         7       0       0       0       0
Total ram usage:        7 bytes
 Hardware stack levels used:    1
 Hardware stack levels required when called:    2
 This function calls:
		i1_Lcd_Write_Char
 This function is called by:
		_ISR
 This function uses a non-reentrant model


 *************** function i1_Lcd_Write_Char *****************
 Defined at:
		line 54 in file "lcd.c"
 Parameters:    Size  Location     Type
  a               1    wreg     unsigned char 
 Auto vars:     Size  Location     Type
  a               1    2[COMMON] unsigned char 
 Return value:  Size  Location     Type
                  1    wreg      void 
 Registers used:
		wreg, status,2, status,0, pclath, cstack
 Tracked objects:
		On entry : 
		On exit  : 
		Unchanged: 
 Data sizes:     COMMON   BANK0   BANK1   BANK3   BANK2
      Params:         0       0       0       0       0
      Locals:         1       0       0       0       0
      Temps:          1       0       0       0       0
      Totals:         2       0       0       0       0
Total ram usage:        2 bytes
 Hardware stack levels used:    1
 Hardware stack levels required when called:    1
 This function calls:
		i1_Lcd_Port
 This function is called by:
		i1_Lcd_Write_String
 This function uses a non-reentrant model


 *************** function i1_Lcd_Set_Cursor *****************
 Defined at:
		line 25 in file "lcd.c"
 Parameters:    Size  Location     Type
  a               1    wreg     unsigned char 
  b               1    4[COMMON] unsigned char 
 Auto vars:     Size  Location     Type
  a               1    6[COMMON] unsigned char 
  temp            1    7[COMMON] unsigned char 
 Return value:  Size  Location     Type
                  1    wreg      void 
 Registers used:
		wreg, status,2, status,0, pclath, cstack
 Tracked objects:
		On entry : 
		On exit  : 
		Unchanged: 
 Data sizes:     COMMON   BANK0   BANK1   BANK3   BANK2
      Params:         1       0       0       0       0
      Locals:         2       0       0       0       0
      Temps:          1       0       0       0       0
      Totals:         4       0       0       0       0
Total ram usage:        4 bytes
 Hardware stack levels used:    1
 Hardware stack levels required when called:    2
 This function calls:
		i1_Lcd_Cmd
 This function is called by:
		_ISR
 This function uses a non-reentrant model


 *************** function i1_Lcd_Cmd *****************
 Defined at:
		line 12 in file "lcd.c"
 Parameters:    Size  Location     Type
  a               1    wreg     unsigned char 
 Auto vars:     Size  Location     Type
  a               1    3[COMMON] unsigned char 
 Return value:  Size  Location     Type
                  1    wreg      void 
 Registers used:
		wreg, status,2, status,0, pclath, cstack
 Tracked objects:
		On entry : 
		On exit  : 
		Unchanged: 
 Data sizes:     COMMON   BANK0   BANK1   BANK3   BANK2
      Params:         0       0       0       0       0
      Locals:         1       0       0       0       0
      Temps:          2       0       0       0       0
      Totals:         3       0       0       0       0
Total ram usage:        3 bytes
 Hardware stack levels used:    1
 Hardware stack levels required when called:    1
 This function calls:
		i1_Lcd_Port
 This function is called by:
		i1_Lcd_Set_Cursor
 This function uses a non-reentrant model


 *************** function i1_Lcd_Port *****************
 Defined at:
		line 8 in file "lcd.c"
 Parameters:    Size  Location     Type
  a               1    wreg     unsigned char 
 Auto vars:     Size  Location     Type
  a               1    0[COMMON] unsigned char 
 Return value:  Size  Location     Type
                  1    wreg      void 
 Registers used:
		wreg
 Tracked objects:
		On entry : 
		On exit  : 
		Unchanged: 
 Data sizes:     COMMON   BANK0   BANK1   BANK3   BANK2
      Params:         0       0       0       0       0
      Locals:         1       0       0       0       0
      Temps:          0       0       0       0       0
      Totals:         1       0       0       0       0
Total ram usage:        1 bytes
 Hardware stack levels used:    1
 This function calls:
		Nothing
 This function is called by:
		i1_Lcd_Cmd
		i1_Lcd_Write_Char
 This function uses a non-reentrant model


 *************** function _sprintf *****************
 Defined at:
		line 505 in file "C:\Program Files\Microchip\xc8\v2.31\pic\sources\c90\common\doprnt.c"
 Parameters:    Size  Location     Type
  sp              1    wreg     PTR unsigned char 
		 -> buffer(64), 
  f               1    0[BANK1 ] PTR const unsigned char 
		 -> STR_5(5), STR_4(5), 
 Auto vars:     Size  Location     Type
  sp              1   27[BANK1 ] PTR unsigned char 
		 -> buffer(64), 
  fval            4   30[BANK1 ] PTR unsigned char 
  tmpval          4   23[BANK1 ] struct .
  val             4   17[BANK1 ] unsigned long 
  prec            2   28[BANK1 ] int 
  eexp            2   21[BANK1 ] int 
  flag            2   15[BANK1 ] unsigned short 
  cp              2    0        PTR const unsigned char 
  len             2    0        unsigned int 
  width           2    0        int 
  c               1   34[BANK1 ] unsigned char 
  ap              1   14[BANK1 ] PTR void [1]
		 -> ?_sprintf(2), 
  d               1    0        unsigned char 
 Return value:  Size  Location     Type
                  2    0[BANK1 ] int 
 Registers used:
		wreg, fsr0l, fsr0h, status,2, status,0, btemp+1, pclath, cstack
 Tracked objects:
		On entry : 
		On exit  : 
		Unchanged: 
 Data sizes:     COMMON   BANK0   BANK1   BANK3   BANK2
      Params:         0       0       5       0       0
      Locals:         0       0      25       0       0
      Temps:          0       0       5       0       0
      Totals:         0       0      35       0       0
Total ram usage:       35 bytes
 Hardware stack levels used:    1
 Hardware stack levels required when called:    3
 This function calls:
		___awdiv
		___fladd
		___fleq
		___flge
		___flmul
		___flneg
		___flsub
		___fltol
		___lldiv
		___llmod
		___wmul
		___xxtofl
		__div_to_l_
		__tdiv_to_l_
		_fround
		_isdigit
		_scale
 This function is called by:
		_ISR
 This function uses a non-reentrant model


 *************** function _scale *****************
 Defined at:
		line 433 in file "C:\Program Files\Microchip\xc8\v2.31\pic\sources\c90\common\doprnt.c"
 Parameters:    Size  Location     Type
  scl             1    wreg     char 
 Auto vars:     Size  Location     Type
  scl             1   48[BANK0 ] char 
 Return value:  Size  Location     Type
                  4   30[BANK0 ] char 
 Registers used:
		wreg, fsr0l, fsr0h, status,2, status,0, btemp+1, pclath, cstack
 Tracked objects:
		On entry : 
		On exit  : 
		Unchanged: 
 Data sizes:     COMMON   BANK0   BANK1   BANK3   BANK2
      Params:         0       4       0       0       0
      Locals:         0       5       0       0       0
      Temps:          0      10       0       0       0
      Totals:         0      19       0       0       0
Total ram usage:       19 bytes
 Hardware stack levels used:    1
 Hardware stack levels required when called:    2
 This function calls:
		___awdiv
		___awmod
		___flmul
 This function is called by:
		_sprintf
 This function uses a non-reentrant model


 *************** function ___awmod *****************
 Defined at:
		line 5 in file "C:\Program Files\Microchip\xc8\v2.31\pic\sources\c90\common\awmod.c"
 Parameters:    Size  Location     Type
  divisor         2    0[COMMON] int 
  dividend        2    2[COMMON] int 
 Auto vars:     Size  Location     Type
  sign            1    6[COMMON] unsigned char 
  counter         1    5[COMMON] unsigned char 
 Return value:  Size  Location     Type
                  2    0[COMMON] int 
 Registers used:
		wreg, status,2, status,0
 Tracked objects:
		On entry : 
		On exit  : 
		Unchanged: 
 Data sizes:     COMMON   BANK0   BANK1   BANK3   BANK2
      Params:         4       0       0       0       0
      Locals:         2       0       0       0       0
      Temps:          1       0       0       0       0
      Totals:         7       0       0       0       0
Total ram usage:        7 bytes
 Hardware stack levels used:    1
 This function calls:
		Nothing
 This function is called by:
		_scale
 This function uses a non-reentrant model


 *************** function ___awdiv *****************
 Defined at:
		line 5 in file "C:\Program Files\Microchip\xc8\v2.31\pic\sources\c90\common\awdiv.c"
 Parameters:    Size  Location     Type
  divisor         2    7[COMMON] int 
  dividend        2    9[COMMON] int 
 Auto vars:     Size  Location     Type
  quotient        2    2[BANK0 ] int 
  sign            1    1[BANK0 ] unsigned char 
  counter         1    0[BANK0 ] unsigned char 
 Return value:  Size  Location     Type
                  2    7[COMMON] int 
 Registers used:
		wreg, status,2, status,0
 Tracked objects:
		On entry : 
		On exit  : 
		Unchanged: 
 Data sizes:     COMMON   BANK0   BANK1   BANK3   BANK2
      Params:         4       0       0       0       0
      Locals:         0       4       0       0       0
      Temps:          1       0       0       0       0
      Totals:         5       4       0       0       0
Total ram usage:        9 bytes
 Hardware stack levels used:    1
 This function calls:
		Nothing
 This function is called by:
		_scale
		_sprintf
 This function uses a non-reentrant model


 *************** function _isdigit *****************
 Defined at:
		line 8 in file "C:\Program Files\Microchip\xc8\v2.31\pic\sources\c90\common\isdigit.c"
 Parameters:    Size  Location     Type
  c               1    wreg     unsigned char 
 Auto vars:     Size  Location     Type
  c               1    1[COMMON] unsigned char 
 Return value:  Size  Location     Type
		None               void
 Registers used:
		wreg, status,2, status,0
 Tracked objects:
		On entry : 
		On exit  : 
		Unchanged: 
 Data sizes:     COMMON   BANK0   BANK1   BANK3   BANK2
      Params:         0       0       0       0       0
      Locals:         2       0       0       0       0
      Temps:          0       0       0       0       0
      Totals:         2       0       0       0       0
Total ram usage:        2 bytes
 Hardware stack levels used:    1
 This function calls:
		Nothing
 This function is called by:
		_sprintf
 This function uses a non-reentrant model


 *************** function _fround *****************
 Defined at:
		line 417 in file "C:\Program Files\Microchip\xc8\v2.31\pic\sources\c90\common\doprnt.c"
 Parameters:    Size  Location     Type
  prec            1    wreg     unsigned char 
 Auto vars:     Size  Location     Type
  prec            1   49[BANK0 ] unsigned char 
 Return value:  Size  Location     Type
                  4   30[BANK0 ] unsigned char 
 Registers used:
		wreg, fsr0l, fsr0h, status,2, status,0, btemp+1, pclath, cstack
 Tracked objects:
		On entry : 
		On exit  : 
		Unchanged: 
 Data sizes:     COMMON   BANK0   BANK1   BANK3   BANK2
      Params:         0       4       0       0       0
      Locals:         0       9       0       0       0
      Temps:          0       7       0       0       0
      Totals:         0      20       0       0       0
Total ram usage:       20 bytes
 Hardware stack levels used:    1
 Hardware stack levels required when called:    2
 This function calls:
		___flmul
		___lwdiv
		___lwmod
 This function is called by:
		_sprintf
 This function uses a non-reentrant model


 *************** function ___lwmod *****************
 Defined at:
		line 5 in file "C:\Program Files\Microchip\xc8\v2.31\pic\sources\c90\common\lwmod.c"
 Parameters:    Size  Location     Type
  divisor         2    0[COMMON] unsigned int 
  dividend        2    2[COMMON] unsigned int 
 Auto vars:     Size  Location     Type
  counter         1    5[COMMON] unsigned char 
 Return value:  Size  Location     Type
                  2    0[COMMON] unsigned int 
 Registers used:
		wreg, status,2, status,0
 Tracked objects:
		On entry : 
		On exit  : 
		Unchanged: 
 Data sizes:     COMMON   BANK0   BANK1   BANK3   BANK2
      Params:         4       0       0       0       0
      Locals:         1       0       0       0       0
      Temps:          1       0       0       0       0
      Totals:         6       0       0       0       0
Total ram usage:        6 bytes
 Hardware stack levels used:    1
 This function calls:
		Nothing
 This function is called by:
		_fround
 This function uses a non-reentrant model


 *************** function ___lwdiv *****************
 Defined at:
		line 5 in file "C:\Program Files\Microchip\xc8\v2.31\pic\sources\c90\common\lwdiv.c"
 Parameters:    Size  Location     Type
  divisor         2    6[COMMON] unsigned int 
  dividend        2    8[COMMON] unsigned int 
 Auto vars:     Size  Location     Type
  quotient        2   11[COMMON] unsigned int 
  counter         1   13[COMMON] unsigned char 
 Return value:  Size  Location     Type
                  2    6[COMMON] unsigned int 
 Registers used:
		wreg, status,2, status,0
 Tracked objects:
		On entry : 
		On exit  : 
		Unchanged: 
 Data sizes:     COMMON   BANK0   BANK1   BANK3   BANK2
      Params:         4       0       0       0       0
      Locals:         3       0       0       0       0
      Temps:          1       0       0       0       0
      Totals:         8       0       0       0       0
Total ram usage:        8 bytes
 Hardware stack levels used:    1
 This function calls:
		Nothing
 This function is called by:
		_fround
 This function uses a non-reentrant model


 *************** function ___flmul *****************
 Defined at:
		line 8 in file "C:\Program Files\Microchip\xc8\v2.31\pic\sources\c90\common\sprcmul.c"
 Parameters:    Size  Location     Type
  b               4    4[BANK0 ] unsigned int 
  a               4    8[BANK0 ] unsigned int 
 Auto vars:     Size  Location     Type
  prod            4   24[BANK0 ] struct .
  grs             4   18[BANK0 ] unsigned long 
  temp            2   28[BANK0 ] struct .
  bexp            1   23[BANK0 ] unsigned char 
  aexp            1   22[BANK0 ] unsigned char 
  sign            1   17[BANK0 ] unsigned char 
 Return value:  Size  Location     Type
                  4    4[BANK0 ] unsigned char 
 Registers used:
		wreg, status,2, status,0, btemp+1, pclath, cstack
 Tracked objects:
		On entry : 
		On exit  : 
		Unchanged: 
 Data sizes:     COMMON   BANK0   BANK1   BANK3   BANK2
      Params:         0       8       0       0       0
      Locals:         0      13       0       0       0
      Temps:          0       5       0       0       0
      Totals:         0      26       0       0       0
Total ram usage:       26 bytes
 Hardware stack levels used:    1
 Hardware stack levels required when called:    1
 This function calls:
		__Umul8_16
 This function is called by:
		_ISR
		_fround
		_scale
		_sprintf
 This function uses a non-reentrant model


 *************** function __Umul8_16 *****************
 Defined at:
		line 4 in file "C:\Program Files\Microchip\xc8\v2.31\pic\sources\c90\common\Umul8_16.c"
 Parameters:    Size  Location     Type
  multiplier      1    wreg     unsigned char 
  multiplicand    1    0[COMMON] unsigned char 
 Auto vars:     Size  Location     Type
  multiplier      1    8[COMMON] unsigned char 
  word_mpld       2    6[COMMON] unsigned int 
  product         2    4[COMMON] unsigned int 
 Return value:  Size  Location     Type
                  2    0[COMMON] unsigned int 
 Registers used:
		wreg, status,2, status,0
 Tracked objects:
		On entry : 
		On exit  : 
		Unchanged: 
 Data sizes:     COMMON   BANK0   BANK1   BANK3   BANK2
      Params:         2       0       0       0       0
      Locals:         5       0       0       0       0
      Temps:          2       0       0       0       0
      Totals:         9       0       0       0       0
Total ram usage:        9 bytes
 Hardware stack levels used:    1
 This function calls:
		Nothing
 This function is called by:
		___flmul
 This function uses a non-reentrant model


 *************** function __tdiv_to_l_ *****************
 Defined at:
		line 60 in file "C:\Program Files\Microchip\xc8\v2.31\pic\sources\c90\common\ftdivl.c"
 Parameters:    Size  Location     Type
  f1              4    0[COMMON] float 
  f2              4    4[COMMON] float 
 Auto vars:     Size  Location     Type
  quot            4    0[BANK0 ] unsigned long 
  exp1            1    5[BANK0 ] unsigned char 
  cntr            1    4[BANK0 ] unsigned char 
 Return value:  Size  Location     Type
                  4    0[COMMON] unsigned long 
 Registers used:
		wreg, status,2, status,0
 Tracked objects:
		On entry : 
		On exit  : 
		Unchanged: 
 Data sizes:     COMMON   BANK0   BANK1   BANK3   BANK2
      Params:         8       0       0       0       0
      Locals:         0       6       0       0       0
      Temps:          4       0       0       0       0
      Totals:        12       6       0       0       0
Total ram usage:       18 bytes
 Hardware stack levels used:    1
 This function calls:
		Nothing
 This function is called by:
		_sprintf
 This function uses a non-reentrant model


 *************** function __div_to_l_ *****************
 Defined at:
		line 60 in file "C:\Program Files\Microchip\xc8\v2.31\pic\sources\c90\common\fldivl.c"
 Parameters:    Size  Location     Type
  f1              4    0[COMMON] unsigned long 
  f2              4    4[COMMON] unsigned long 
 Auto vars:     Size  Location     Type
  quot            4    0[BANK0 ] unsigned long 
  exp1            1    5[BANK0 ] unsigned char 
  cntr            1    4[BANK0 ] unsigned char 
 Return value:  Size  Location     Type
                  4    0[COMMON] unsigned long 
 Registers used:
		wreg, status,2, status,0
 Tracked objects:
		On entry : 
		On exit  : 
		Unchanged: 
 Data sizes:     COMMON   BANK0   BANK1   BANK3   BANK2
      Params:         8       0       0       0       0
      Locals:         0       6       0       0       0
      Temps:          1       0       0       0       0
      Totals:         9       6       0       0       0
Total ram usage:       15 bytes
 Hardware stack levels used:    1
 This function calls:
		Nothing
 This function is called by:
		_sprintf
 This function uses a non-reentrant model


 *************** function ___xxtofl *****************
 Defined at:
		line 10 in file "C:\Program Files\Microchip\xc8\v2.31\pic\sources\c90\common\xxtofl.c"
 Parameters:    Size  Location     Type
  sign            1    wreg     unsigned char 
  val             4    0[COMMON] long 
 Auto vars:     Size  Location     Type
  sign            1    8[COMMON] unsigned char 
  arg             4   10[COMMON] unsigned long 
  exp             1    9[COMMON] unsigned char 
 Return value:  Size  Location     Type
                  4    0[COMMON] unsigned char 
 Registers used:
		wreg, status,2, status,0
 Tracked objects:
		On entry : 
		On exit  : 
		Unchanged: 
 Data sizes:     COMMON   BANK0   BANK1   BANK3   BANK2
      Params:         4       0       0       0       0
      Locals:         6       0       0       0       0
      Temps:          4       0       0       0       0
      Totals:        14       0       0       0       0
Total ram usage:       14 bytes
 Hardware stack levels used:    1
 This function calls:
		Nothing
 This function is called by:
		_ISR
		_sprintf
 This function uses a non-reentrant model


 *************** function ___wmul *****************
 Defined at:
		line 15 in file "C:\Program Files\Microchip\xc8\v2.31\pic\sources\c90\common\Umul16.c"
 Parameters:    Size  Location     Type
  multiplier      2    0[COMMON] unsigned int 
  multiplicand    2    2[COMMON] unsigned int 
 Auto vars:     Size  Location     Type
  product         2    4[COMMON] unsigned int 
 Return value:  Size  Location     Type
                  2    0[COMMON] unsigned int 
 Registers used:
		wreg, status,2, status,0
 Tracked objects:
		On entry : 
		On exit  : 
		Unchanged: 
 Data sizes:     COMMON   BANK0   BANK1   BANK3   BANK2
      Params:         4       0       0       0       0
      Locals:         2       0       0       0       0
      Temps:          0       0       0       0       0
      Totals:         6       0       0       0       0
Total ram usage:        6 bytes
 Hardware stack levels used:    1
 This function calls:
		Nothing
 This function is called by:
		_sprintf
 This function uses a non-reentrant model


 *************** function ___llmod *****************
 Defined at:
		line 5 in file "C:\Program Files\Microchip\xc8\v2.31\pic\sources\c90\common\llmod.c"
 Parameters:    Size  Location     Type
  divisor         4    0[COMMON] unsigned long 
  dividend        4    4[COMMON] unsigned long 
 Auto vars:     Size  Location     Type
  counter         1    9[COMMON] unsigned char 
 Return value:  Size  Location     Type
                  4    0[COMMON] unsigned long 
 Registers used:
		wreg, status,2, status,0
 Tracked objects:
		On entry : 
		On exit  : 
		Unchanged: 
 Data sizes:     COMMON   BANK0   BANK1   BANK3   BANK2
      Params:         8       0       0       0       0
      Locals:         1       0       0       0       0
      Temps:          1       0       0       0       0
      Totals:        10       0       0       0       0
Total ram usage:       10 bytes
 Hardware stack levels used:    1
 This function calls:
		Nothing
 This function is called by:
		_sprintf
 This function uses a non-reentrant model


 *************** function ___lldiv *****************
 Defined at:
		line 5 in file "C:\Program Files\Microchip\xc8\v2.31\pic\sources\c90\common\__lldiv.c"
 Parameters:    Size  Location     Type
  divisor         4    0[COMMON] unsigned long 
  dividend        4    4[COMMON] unsigned long 
 Auto vars:     Size  Location     Type
  quotient        4    9[COMMON] unsigned long 
  counter         1   13[COMMON] unsigned char 
 Return value:  Size  Location     Type
                  4    0[COMMON] unsigned long 
 Registers used:
		wreg, status,2, status,0
 Tracked objects:
		On entry : 
		On exit  : 
		Unchanged: 
 Data sizes:     COMMON   BANK0   BANK1   BANK3   BANK2
      Params:         8       0       0       0       0
      Locals:         5       0       0       0       0
      Temps:          1       0       0       0       0
      Totals:        14       0       0       0       0
Total ram usage:       14 bytes
 Hardware stack levels used:    1
 This function calls:
		Nothing
 This function is called by:
		_sprintf
 This function uses a non-reentrant model


 *************** function ___fltol *****************
 Defined at:
		line 43 in file "C:\Program Files\Microchip\xc8\v2.31\pic\sources\c90\common\fltol.c"
 Parameters:    Size  Location     Type
  f1              4   49[BANK0 ] unsigned long 
 Auto vars:     Size  Location     Type
  exp1            1   59[BANK0 ] unsigned char 
  sign1           1   58[BANK0 ] unsigned char 
 Return value:  Size  Location     Type
                  4   49[BANK0 ] long 
 Registers used:
		wreg, status,2, status,0
 Tracked objects:
		On entry : 
		On exit  : 
		Unchanged: 
 Data sizes:     COMMON   BANK0   BANK1   BANK3   BANK2
      Params:         0       4       0       0       0
      Locals:         0       2       0       0       0
      Temps:          0       5       0       0       0
      Totals:         0      11       0       0       0
Total ram usage:       11 bytes
 Hardware stack levels used:    1
 This function calls:
		Nothing
 This function is called by:
		_sprintf
 This function uses a non-reentrant model


 *************** function ___flsub *****************
 Defined at:
		line 242 in file "C:\Program Files\Microchip\xc8\v2.31\pic\sources\c90\common\sprcadd.c"
 Parameters:    Size  Location     Type
  a               4   70[BANK0 ] long 
  b               4   74[BANK0 ] long 
 Auto vars:     Size  Location     Type
		None
 Return value:  Size  Location     Type
                  4   70[BANK0 ] long 
 Registers used:
		wreg, status,2, status,0, btemp+1, pclath, cstack
 Tracked objects:
		On entry : 
		On exit  : 
		Unchanged: 
 Data sizes:     COMMON   BANK0   BANK1   BANK3   BANK2
      Params:         0       8       0       0       0
      Locals:         0       0       0       0       0
      Temps:          0       0       0       0       0
      Totals:         0       8       0       0       0
Total ram usage:        8 bytes
 Hardware stack levels used:    1
 Hardware stack levels required when called:    1
 This function calls:
		___fladd
 This function is called by:
		_sprintf
 This function uses a non-reentrant model


 *************** function ___fladd *****************
 Defined at:
		line 10 in file "C:\Program Files\Microchip\xc8\v2.31\pic\sources\c90\common\sprcadd.c"
 Parameters:    Size  Location     Type
  b               4   50[BANK0 ] long 
  a               4   54[BANK0 ] long 
 Auto vars:     Size  Location     Type
  grs             1   69[BANK0 ] unsigned char 
  bexp            1   68[BANK0 ] unsigned char 
  aexp            1   67[BANK0 ] unsigned char 
  signs           1   66[BANK0 ] unsigned char 
 Return value:  Size  Location     Type
                  4   50[BANK0 ] unsigned char 
 Registers used:
		wreg, status,2, status,0, btemp+1
 Tracked objects:
		On entry : 
		On exit  : 
		Unchanged: 
 Data sizes:     COMMON   BANK0   BANK1   BANK3   BANK2
      Params:         0       8       0       0       0
      Locals:         0       4       0       0       0
      Temps:          0       8       0       0       0
      Totals:         0      20       0       0       0
Total ram usage:       20 bytes
 Hardware stack levels used:    1
 This function calls:
		Nothing
 This function is called by:
		_sprintf
		___flsub
 This function uses a non-reentrant model


 *************** function ___flneg *****************
 Defined at:
		line 15 in file "C:\Program Files\Microchip\xc8\v2.31\pic\sources\c90\common\flneg.c"
 Parameters:    Size  Location     Type
  f1              4    0[COMMON] unsigned char 
 Auto vars:     Size  Location     Type
		None
 Return value:  Size  Location     Type
                  4    0[COMMON] unsigned char 
 Registers used:
		wreg
 Tracked objects:
		On entry : 
		On exit  : 
		Unchanged: 
 Data sizes:     COMMON   BANK0   BANK1   BANK3   BANK2
      Params:         4       0       0       0       0
      Locals:         0       0       0       0       0
      Temps:          0       0       0       0       0
      Totals:         4       0       0       0       0
Total ram usage:        4 bytes
 Hardware stack levels used:    1
 This function calls:
		Nothing
 This function is called by:
		_sprintf
 This function uses a non-reentrant model


 *************** function ___flge *****************
 Defined at:
		line 4 in file "C:\Program Files\Microchip\xc8\v2.31\pic\sources\c90\common\flge.c"
 Parameters:    Size  Location     Type
  ff1             4    0[COMMON] unsigned char 
  ff2             4    4[COMMON] unsigned char 
 Auto vars:     Size  Location     Type
		None
 Return value:  Size  Location     Type
		None               void
 Registers used:
		wreg, status,2, status,0
 Tracked objects:
		On entry : 
		On exit  : 
		Unchanged: 
 Data sizes:     COMMON   BANK0   BANK1   BANK3   BANK2
      Params:         8       0       0       0       0
      Locals:         0       0       0       0       0
      Temps:          4       0       0       0       0
      Totals:        12       0       0       0       0
Total ram usage:       12 bytes
 Hardware stack levels used:    1
 This function calls:
		Nothing
 This function is called by:
		_sprintf
 This function uses a non-reentrant model


 *************** function ___fleq *****************
 Defined at:
		line 4 in file "C:\Program Files\Microchip\xc8\v2.31\pic\sources\c90\common\fleq.c"
 Parameters:    Size  Location     Type
  ff1             4    0[COMMON] unsigned char 
  ff2             4    4[COMMON] unsigned char 
 Auto vars:     Size  Location     Type
		None
 Return value:  Size  Location     Type
		None               void
 Registers used:
		wreg, status,2, status,0
 Tracked objects:
		On entry : 
		On exit  : 
		Unchanged: 
 Data sizes:     COMMON   BANK0   BANK1   BANK3   BANK2
      Params:         8       0       0       0       0
      Locals:         0       0       0       0       0
      Temps:          4       0       0       0       0
      Totals:        12       0       0       0       0
Total ram usage:       12 bytes
 Hardware stack levels used:    1
 This function calls:
		Nothing
 This function is called by:
		_sprintf
 This function uses a non-reentrant model


 *************** function ___fldiv *****************
 Defined at:
		line 8 in file "C:\Program Files\Microchip\xc8\v2.31\pic\sources\c90\common\sprcdiv.c"
 Parameters:    Size  Location     Type
  a               4   30[BANK0 ] unsigned char 
  b               4   34[BANK0 ] unsigned char 
 Auto vars:     Size  Location     Type
  grs             4   50[BANK0 ] unsigned long 
  rem             4   43[BANK0 ] unsigned long 
  new_exp         2   48[BANK0 ] int 
  aexp            1   55[BANK0 ] unsigned char 
  bexp            1   54[BANK0 ] unsigned char 
  sign            1   47[BANK0 ] unsigned char 
 Return value:  Size  Location     Type
                  4   30[BANK0 ] unsigned char 
 Registers used:
		wreg, status,2, status,0, btemp+1
 Tracked objects:
		On entry : 
		On exit  : 
		Unchanged: 
 Data sizes:     COMMON   BANK0   BANK1   BANK3   BANK2
      Params:         0       8       0       0       0
      Locals:         0      13       0       0       0
      Temps:          0       5       0       0       0
      Totals:         0      26       0       0       0
Total ram usage:       26 bytes
 Hardware stack levels used:    1
 This function calls:
		Nothing
 This function is called by:
		_ISR
 This function uses a non-reentrant model



MODULE INFORMATION

Module		Function		Class		Link	Load	Size
C:\Program Files\Microchip\xc8\v2.31\pic\sources\c90\common\flneg.c
		___flneg       		CODE           	1A20	0000	11

C:\Program Files\Microchip\xc8\v2.31\pic\sources\c90\common\flneg.c estimated size: 11

C:\Program Files\Microchip\xc8\v2.31\pic\sources\c90\common\flge.c
		___flge        		CODE           	1EB8	0000	162

C:\Program Files\Microchip\xc8\v2.31\pic\sources\c90\common\flge.c estimated size: 162

C:\Program Files\Microchip\xc8\v2.31\pic\sources\c90\common\sprcmul.c
		___flmul       		CODE           	0C9F	0000	865

C:\Program Files\Microchip\xc8\v2.31\pic\sources\c90\common\sprcmul.c estimated size: 865

C:\Program Files\Microchip\xc8\v2.31\pic\sources\c90\common\__lldiv.c
		___lldiv       		CODE           	1D7F	0000	102

C:\Program Files\Microchip\xc8\v2.31\pic\sources\c90\common\__lldiv.c estimated size: 102

C:\Program Files\Microchip\xc8\v2.31\pic\sources\c90\common\sprcdiv.c
		___fldiv       		CODE           	1190	0000	477

C:\Program Files\Microchip\xc8\v2.31\pic\sources\c90\common\sprcdiv.c estimated size: 477

C:\Program Files\Microchip\xc8\v2.31\pic\sources\c90\common\Umul8_16.c
		__Umul8_16     		CODE           	07CB	0000	39

C:\Program Files\Microchip\xc8\v2.31\pic\sources\c90\common\Umul8_16.c estimated size: 39

C:\Program Files\Microchip\xc8\v2.31\pic\sources\c90\common\doprnt.c
		_scale         		CODE           	0940	0000	863
		_sprintf       		CODE           	002E	0000	1624
		_fround        		CODE           	136D	0000	523

C:\Program Files\Microchip\xc8\v2.31\pic\sources\c90\common\doprnt.c estimated size: 3010

C:\Program Files\Microchip\xc8\v2.31\pic\sources\c90\common\ftdivl.c
		__tdiv_to_l_   		CODE           	10D3	0000	189

C:\Program Files\Microchip\xc8\v2.31\pic\sources\c90\common\ftdivl.c estimated size: 189

C:\Program Files\Microchip\xc8\v2.31\pic\sources\c90\common\lwmod.c
		___lwmod       		CODE           	1B70	0000	58

C:\Program Files\Microchip\xc8\v2.31\pic\sources\c90\common\lwmod.c estimated size: 58

C:\Program Files\Microchip\xc8\v2.31\pic\sources\c90\common\awmod.c
		___awmod       		CODE           	1D26	0000	89

C:\Program Files\Microchip\xc8\v2.31\pic\sources\c90\common\awmod.c estimated size: 89

C:\Program Files\Microchip\xc8\v2.31\pic\sources\c90\common\Umul16.c
		___wmul        		CODE           	1B25	0000	37

C:\Program Files\Microchip\xc8\v2.31\pic\sources\c90\common\Umul16.c estimated size: 37

C:\Program Files\Microchip\xc8\v2.31\pic\sources\c90\common\llmod.c
		___llmod       		CODE           	1C7E	0000	84

C:\Program Files\Microchip\xc8\v2.31\pic\sources\c90\common\llmod.c estimated size: 84

C:\Program Files\Microchip\xc8\v2.31\pic\sources\c90\common\isdigit.c
		_isdigit       		CODE           	1A2B	0000	18

C:\Program Files\Microchip\xc8\v2.31\pic\sources\c90\common\isdigit.c estimated size: 18

C:\Program Files\Microchip\xc8\v2.31\pic\sources\c90\common\sprcadd.c
		___flsub       		CODE           	1ADD	0000	36
		___fladd       		CODE           	1578	0000	648

C:\Program Files\Microchip\xc8\v2.31\pic\sources\c90\common\sprcadd.c estimated size: 684

Adc_int_.c
		_confADC       		CODE           	1A3D	0000	19
		_conf_ch       		CODE           	1A6A	0000	27

Adc_int_.c estimated size: 46

C:\Program Files\Microchip\xc8\v2.31\pic\sources\c90\common\fleq.c
		___fleq        		CODE           	1C30	0000	78

C:\Program Files\Microchip\xc8\v2.31\pic\sources\c90\common\fleq.c estimated size: 78

C:\Program Files\Microchip\xc8\v2.31\pic\sources\c90\common\fldivl.c
		__div_to_l_    		CODE           	0882	0000	190

C:\Program Files\Microchip\xc8\v2.31\pic\sources\c90\common\fldivl.c estimated size: 190

C:\Program Files\Microchip\xc8\v2.31\pic\sources\c90\common\lwdiv.c
		___lwdiv       		CODE           	1BEC	0000	68

C:\Program Files\Microchip\xc8\v2.31\pic\sources\c90\common\lwdiv.c estimated size: 68

C:\Program Files\Microchip\xc8\v2.31\pic\sources\c90\common\awdiv.c
		___awdiv       		CODE           	1DE5	0000	105

C:\Program Files\Microchip\xc8\v2.31\pic\sources\c90\common\awdiv.c estimated size: 105

shared
		__stringtab    		STRING         	1800	0000	16
		__powers_      		STRING         	1810	0000	52
		_dpowers       		STRING         	1878	0000	40
		i1_Lcd_Write_Char		CODE           	1003	0000	22
		i1_Lcd_Port    		CODE           	0800	0000	6
		i1_Lcd_Cmd     		CODE           	1A50	0000	26
		__npowers_     		STRING         	1844	0000	52
		__initialization		CODE           	0019	0000	17
		i1_Lcd_Set_Cursor		CODE           	1B01	0000	36
		i1_Lcd_Write_String		CODE           	1BAA	0000	66

shared estimated size: 333

C:\Program Files\Microchip\xc8\v2.31\pic\sources\c90\common\fltol.c
		___fltol       		CODE           	0806	0000	124

C:\Program Files\Microchip\xc8\v2.31\pic\sources\c90\common\fltol.c estimated size: 124

C:\Program Files\Microchip\xc8\v2.31\pic\sources\c90\common\xxtofl.c
		___xxtofl      		CODE           	1019	0000	186

C:\Program Files\Microchip\xc8\v2.31\pic\sources\c90\common\xxtofl.c estimated size: 186

lcd.c
		_Lcd_Write_String		CODE           	1CD2	0000	84
		_Lcd_Init      		CODE           	1E4E	0000	106
		_Lcd_Write_Char		CODE           	1A85	0000	28
		_Lcd_Cmd       		CODE           	1ABD	0000	32
		_Lcd_Set_Cursor		CODE           	1B4A	0000	38
		_Lcd_Clear     		CODE           	07F2	0000	13
		_Lcd_Port      		CODE           	1A10	0000	8

lcd.c estimated size: 309

main.c
		_ISR           		CODE           	0686	0000	325
		_main          		CODE           	1F5A	0000	166
		_config        		CODE           	1AA1	0000	28

main.c estimated size: 519

