******************************************************************************
                  TI ARM Linker PC v20.2.5                     
******************************************************************************
>> Linked Sun May 16 18:50:47 2021

OUTPUT FILE NAME:   <Lab7.out>
ENTRY POINT SYMBOL: "_c_int00_noargs"  address: 00000b5d


MEMORY CONFIGURATION

         name            origin    length      used     unused   attr    fill
----------------------  --------  ---------  --------  --------  ----  --------
  FLASH                 00000000   00040000  00000f38  0003f0c8  R  X
  SRAM                  20000000   00008000  0000047c  00007b84  RW X


SEGMENT ALLOCATION MAP

run origin  load origin   length   init length attrs members
----------  ----------- ---------- ----------- ----- -------
00000000    00000000    00000f38   00000f38    r-x
  00000000    00000000    0000026c   0000026c    r-- .intvecs
  0000026c    0000026c    00000a90   00000a90    r-x .text
  00000cfc    00000cfc    000001fc   000001fc    r-- .const
  00000ef8    00000ef8    00000040   00000040    r-- .cinit
20000000    20000000    00000480   00000000    rw-
  20000000    20000000    0000026c   00000000    rw- .vtable
  20000270    20000270    00000200   00000000    rw- .stack
  20000470    20000470    00000008   00000000    rw- .bss
  20000478    20000478    00000008   00000000    rw- .data


SECTION ALLOCATION MAP

 output                                  attributes/
section   page    origin      length       input sections
--------  ----  ----------  ----------   ----------------
.intvecs   0    00000000    0000026c     
                  00000000    0000026c     tm4c123gh6pm_startup_ccs.obj (.intvecs)

.text      0    0000026c    00000a90     
                  0000026c    0000026c     mainLab7.obj (.text)
                  000004d8    00000132     driverlib.lib : gpio.obj (.text:GPIOPadConfigSet)
                  0000060a    00000002     --HOLE-- [fill = 0]
                  0000060c    00000110                   : sysctl.obj (.text:SysCtlClockGet)
                  0000071c    000000f4                   : sysctl.obj (.text:SysCtlClockSet)
                  00000810    0000009c     rtsv7M4_T_le_v4SPD16_eabi.lib : memcpy_t2.asm.obj (.text)
                  000008ac    00000068     driverlib.lib : interrupt.obj (.text:IntEnable)
                  00000914    00000068     rtsv7M4_T_le_v4SPD16_eabi.lib : copy_decompress_lzss.c.obj (.text:decompress:lzss:__TI_decompress_lzss)
                  0000097c    00000060     driverlib.lib : timer.obj (.text:TimerConfigure)
                  000009dc    0000004c                   : timer.obj (.text:_TimerIntNumberGet)
                  00000a28    00000046                   : uart.obj (.text:UARTConfigSetExpClk)
                  00000a6e    00000002     --HOLE-- [fill = 0]
                  00000a70    00000044     rtsv7M4_T_le_v4SPD16_eabi.lib : autoinit.c.obj (.text:__TI_auto_init_nobinit_nopinit:__TI_auto_init_nobinit_nopinit)
                  00000ab4    00000040     driverlib.lib : uart.obj (.text:_UARTIntNumberGet)
                  00000af4    00000034                   : interrupt.obj (.text:IntRegister)
                  00000b28    00000034                   : sysctl.obj (.text:SysCtlPeripheralEnable)
                  00000b5c    00000034     rtsv7M4_T_le_v4SPD16_eabi.lib : boot_cortex_m.c.obj (.text:_c_int00_noargs:_c_int00_noargs)
                  00000b90    0000002a     driverlib.lib : gpio.obj (.text:GPIODirModeSet)
                  00000bba    00000002     --HOLE-- [fill = 0]
                  00000bbc    00000020                   : uart.obj (.text:UARTDisable)
                  00000bdc    0000001c     rtsv7M4_T_le_v4SPD16_eabi.lib : copy_zero_init.c.obj (.text:decompress:ZI:__TI_zero_init_nomemset:__TI_zero_init_nomemset)
                  00000bf8    00000018     driverlib.lib : gpio.obj (.text:GPIOPinTypeGPIOOutput)
                  00000c10    00000018                   : timer.obj (.text:TimerIntRegister)
                  00000c28    00000018                   : uart.obj (.text:UARTIntRegister)
                  00000c40    00000014                   : uart.obj (.text:UARTEnable)
                  00000c54    00000012                   : gpio.obj (.text:GPIOPinTypeUART)
                  00000c66    00000012                   : timer.obj (.text:TimerLoadSet)
                  00000c78    00000010                   : interrupt.obj (.text:IntMasterEnable)
                  00000c88    0000000e                   : timer.obj (.text:TimerEnable)
                  00000c96    0000000e     rtsv7M4_T_le_v4SPD16_eabi.lib : copy_decompress_none.c.obj (.text:decompress:none:__TI_decompress_none)
                  00000ca4    0000000c     driverlib.lib : cpu.obj (.text:CPUcpsie)
                  00000cb0    0000000c     tm4c123gh6pm_startup_ccs.obj (.text)
                  00000cbc    0000000a     driverlib.lib : uart.obj (.text:UARTCharGet)
                  00000cc6    0000000a                   : uart.obj (.text:UARTCharPut)
                  00000cd0    00000008                   : timer.obj (.text:TimerIntEnable)
                  00000cd8    00000008                   : uart.obj (.text:UARTIntEnable)
                  00000ce0    00000006                   : gpio.obj (.text:GPIOPinWrite)
                  00000ce6    00000006                   : sysctl.obj (.text:SysCtlDelay)
                  00000cec    00000004                   : timer.obj (.text:TimerIntClear)
                  00000cf0    00000004                   : uart.obj (.text:UARTIntClear)
                  00000cf4    00000004     rtsv7M4_T_le_v4SPD16_eabi.lib : pre_init.c.obj (.text:_system_pre_init)
                  00000cf8    00000004                                   : exit.c.obj (.text:abort:abort)

.const     0    00000cfc    000001fc     
                  00000cfc    00000070     driverlib.lib : interrupt.obj (.const)
                  00000d6c    0000006c                   : sysctl.obj (.const:g_pui32Xtals)
                  00000dd8    00000060                   : timer.obj (.const:g_ppui32TimerIntMap)
                  00000e38    00000040                   : timer.obj (.const:g_ppui32TimerIntMapSnowflake)
                  00000e78    00000040                   : uart.obj (.const:g_ppui32UARTIntMap)
                  00000eb8    00000040                   : uart.obj (.const:g_ppui32UARTIntMapSnowflake)

.cinit     0    00000ef8    00000040     
                  00000ef8    0000000c     (__TI_handler_table)
                  00000f04    00000004     --HOLE-- [fill = 0]
                  00000f08    00000008     (.cinit..bss.load) [load image, compression = zero_init]
                  00000f10    00000008     (.cinit..vtable.load) [load image, compression = zero_init]
                  00000f18    00000007     (.cinit..data.load) [load image, compression = lzss]
                  00000f1f    00000001     --HOLE-- [fill = 0]
                  00000f20    00000018     (__TI_cinit_table)

.init_array 
*          0    00000000    00000000     UNINITIALIZED

.vtable    0    20000000    0000026c     UNINITIALIZED
                  20000000    0000026c     driverlib.lib : interrupt.obj (.vtable)

.bss       0    20000470    00000008     UNINITIALIZED
                  20000470    00000004     (.common:data)
                  20000474    00000004     (.common:rgb)

.data      0    20000478    00000008     UNINITIALIZED
                  20000478    00000008     mainLab7.obj (.data)

.stack     0    20000270    00000200     UNINITIALIZED
                  20000270    00000004     rtsv7M4_T_le_v4SPD16_eabi.lib : boot_cortex_m.c.obj (.stack)
                  20000274    000001fc     --HOLE--

__llvm_prf_cnts 
*          0    20000000    00000000     UNINITIALIZED

MODULE SUMMARY

       Module                         code   ro data   rw data
       ------                         ----   -------   -------
    .\
       mainLab7.obj                   620    0         16     
       tm4c123gh6pm_startup_ccs.obj   12     620       0      
    +--+------------------------------+------+---------+---------+
       Total:                         632    620       16     
                                                              
    C:/ti/TivaWare_C_Series-2.1.4.178/driverlib/ccs/Debug/driverlib.lib
       interrupt.obj                  172    112       620    
       sysctl.obj                     574    108       0      
       timer.obj                      240    160       0      
       gpio.obj                       396    0         0      
       uart.obj                       242    128       0      
       cpu.obj                        12     0         0      
    +--+------------------------------+------+---------+---------+
       Total:                         1636   508       620    
                                                              
    C:\ti\ccs1031\ccs\tools\compiler\ti-cgt-arm_20.2.5.LTS\lib\rtsv7M4_T_le_v4SPD16_eabi.lib
       memcpy_t2.asm.obj              156    0         0      
       copy_decompress_lzss.c.obj     104    0         0      
       autoinit.c.obj                 68     0         0      
       boot_cortex_m.c.obj            52     0         0      
       copy_zero_init.c.obj           28     0         0      
       copy_decompress_none.c.obj     14     0         0      
       exit.c.obj                     4      0         0      
       pre_init.c.obj                 4      0         0      
    +--+------------------------------+------+---------+---------+
       Total:                         430    0         0      
                                                              
       Stack:                         0      0         512    
       Linker Generated:              0      59        0      
    +--+------------------------------+------+---------+---------+
       Grand Total:                   2698   1187      1148   


LINKER GENERATED COPY TABLES

__TI_cinit_table @ 00000f20 records: 3, size/record: 8, table size: 24
	.bss: load addr=00000f08, load size=00000008 bytes, run addr=20000470, run size=00000008 bytes, compression=zero_init
	.vtable: load addr=00000f10, load size=00000008 bytes, run addr=20000000, run size=0000026c bytes, compression=zero_init
	.data: load addr=00000f18, load size=00000007 bytes, run addr=20000478, run size=00000008 bytes, compression=lzss


LINKER GENERATED HANDLER TABLE

__TI_handler_table @ 00000ef8 records: 3, size/record: 4, table size: 12
	index: 0, handler: __TI_zero_init
	index: 1, handler: __TI_decompress_lzss
	index: 2, handler: __TI_decompress_none


GLOBAL SYMBOLS: SORTED ALPHABETICALLY BY Name 

address   name                          
-------   ----                          
00000cf9  C$$EXIT                       
00000ca5  CPUcpsie                      
00000b91  GPIODirModeSet                
000004d9  GPIOPadConfigSet              
00000bf9  GPIOPinTypeGPIOOutput         
00000c55  GPIOPinTypeUART               
00000ce1  GPIOPinWrite                  
000008ad  IntEnable                     
00000c79  IntMasterEnable               
00000af5  IntRegister                   
00000cb1  ResetISR                      
0000060d  SysCtlClockGet                
0000071d  SysCtlClockSet                
00000ce7  SysCtlDelay                   
00000b29  SysCtlPeripheralEnable        
0000031f  Timer0IntHandler              
0000097d  TimerConfigure                
00000c89  TimerEnable                   
00000ced  TimerIntClear                 
00000cd1  TimerIntEnable                
00000c11  TimerIntRegister              
00000c67  TimerLoadSet                  
00000cbd  UARTCharGet                   
00000cc7  UARTCharPut                   
00000a29  UARTConfigSetExpClk           
00000bbd  UARTDisable                   
00000c41  UARTEnable                    
00000cf1  UARTIntClear                  
00000cd9  UARTIntEnable                 
0000033f  UARTIntHandler                
00000c29  UARTIntRegister               
20000470  __STACK_END                   
00000200  __STACK_SIZE                  
20000470  __STACK_TOP                   
00000f20  __TI_CINIT_Base               
00000f38  __TI_CINIT_Limit              
00000ef8  __TI_Handler_Table_Base       
00000f04  __TI_Handler_Table_Limit      
00000a71  __TI_auto_init_nobinit_nopinit
00000915  __TI_decompress_lzss          
00000c97  __TI_decompress_none          
ffffffff  __TI_pprof_out_hndl           
ffffffff  __TI_prof_data_size           
ffffffff  __TI_prof_data_start          
00000000  __TI_static_base__            
00000bdd  __TI_zero_init_nomemset       
00000811  __aeabi_memcpy                
00000811  __aeabi_memcpy4               
00000811  __aeabi_memcpy8               
ffffffff  __binit__                     
ffffffff  __c_args__                    
UNDEFED   __mpu_init                    
20000270  __stack                       
20000000  __start___llvm_prf_cnts       
20000000  __stop___llvm_prf_cnts        
00000b5d  _c_int00_noargs               
UNDEFED   _system_post_cinit            
00000cf5  _system_pre_init              
00000cf9  abort                         
ffffffff  binit                         
20000470  data                          
20000000  g_pfnRAMVectors               
00000000  g_pfnVectors                  
0000026d  main                          
00000811  memcpy                        
20000474  rgb                           
20000478  state                         
2000047c  uart_f                        


GLOBAL SYMBOLS: SORTED BY Symbol Address 

address   name                          
-------   ----                          
00000000  __TI_static_base__            
00000000  g_pfnVectors                  
00000200  __STACK_SIZE                  
0000026d  main                          
0000031f  Timer0IntHandler              
0000033f  UARTIntHandler                
000004d9  GPIOPadConfigSet              
0000060d  SysCtlClockGet                
0000071d  SysCtlClockSet                
00000811  __aeabi_memcpy                
00000811  __aeabi_memcpy4               
00000811  __aeabi_memcpy8               
00000811  memcpy                        
000008ad  IntEnable                     
00000915  __TI_decompress_lzss          
0000097d  TimerConfigure                
00000a29  UARTConfigSetExpClk           
00000a71  __TI_auto_init_nobinit_nopinit
00000af5  IntRegister                   
00000b29  SysCtlPeripheralEnable        
00000b5d  _c_int00_noargs               
00000b91  GPIODirModeSet                
00000bbd  UARTDisable                   
00000bdd  __TI_zero_init_nomemset       
00000bf9  GPIOPinTypeGPIOOutput         
00000c11  TimerIntRegister              
00000c29  UARTIntRegister               
00000c41  UARTEnable                    
00000c55  GPIOPinTypeUART               
00000c67  TimerLoadSet                  
00000c79  IntMasterEnable               
00000c89  TimerEnable                   
00000c97  __TI_decompress_none          
00000ca5  CPUcpsie                      
00000cb1  ResetISR                      
00000cbd  UARTCharGet                   
00000cc7  UARTCharPut                   
00000cd1  TimerIntEnable                
00000cd9  UARTIntEnable                 
00000ce1  GPIOPinWrite                  
00000ce7  SysCtlDelay                   
00000ced  TimerIntClear                 
00000cf1  UARTIntClear                  
00000cf5  _system_pre_init              
00000cf9  C$$EXIT                       
00000cf9  abort                         
00000ef8  __TI_Handler_Table_Base       
00000f04  __TI_Handler_Table_Limit      
00000f20  __TI_CINIT_Base               
00000f38  __TI_CINIT_Limit              
20000000  __start___llvm_prf_cnts       
20000000  __stop___llvm_prf_cnts        
20000000  g_pfnRAMVectors               
20000270  __stack                       
20000470  __STACK_END                   
20000470  __STACK_TOP                   
20000470  data                          
20000474  rgb                           
20000478  state                         
2000047c  uart_f                        
ffffffff  __TI_pprof_out_hndl           
ffffffff  __TI_prof_data_size           
ffffffff  __TI_prof_data_start          
ffffffff  __binit__                     
ffffffff  __c_args__                    
ffffffff  binit                         
UNDEFED   __mpu_init                    
UNDEFED   _system_post_cinit            

[68 symbols]
