******************************************************************************
                  TI ARM Linker PC v20.2.5                     
******************************************************************************
>> Linked Sun May 16 14:02:13 2021

OUTPUT FILE NAME:   <Lab7.out>
ENTRY POINT SYMBOL: "_c_int00_noargs"  address: 0000080d


MEMORY CONFIGURATION

         name            origin    length      used     unused   attr    fill
----------------------  --------  ---------  --------  --------  ----  --------
  FLASH                 00000000   00040000  00000a6c  0003f594  R  X
  SRAM                  20000000   00008000  00000470  00007b90  RW X


SEGMENT ALLOCATION MAP

run origin  load origin   length   init length attrs members
----------  ----------- ---------- ----------- ----- -------
00000000    00000000    00000a70   00000a70    r-x
  00000000    00000000    0000026c   0000026c    r-- .intvecs
  0000026c    0000026c    000006c0   000006c0    r-x .text
  0000092c    0000092c    00000110   00000110    r-- .const
  00000a40    00000a40    00000030   00000030    r-- .cinit
20000000    20000000    00000470   00000000    rw-
  20000000    20000000    0000026c   00000000    rw- .vtable
  2000026c    2000026c    00000004   00000000    rw- .data
  20000270    20000270    00000200   00000000    rw- .stack


SECTION ALLOCATION MAP

 output                                  attributes/
section   page    origin      length       input sections
--------  ----  ----------  ----------   ----------------
.intvecs   0    00000000    0000026c     
                  00000000    0000026c     tm4c123gh6pm_startup_ccs.obj (.intvecs)

.text      0    0000026c    000006c0     
                  0000026c    00000132     driverlib.lib : gpio.obj (.text:GPIOPadConfigSet)
                  0000039e    00000002     --HOLE-- [fill = 0]
                  000003a0    000000f4                   : sysctl.obj (.text:SysCtlClockSet)
                  00000494    000000b4     mainLab7.obj (.text)
                  00000548    0000009c     rtsv7M4_T_le_v4SPD16_eabi.lib : memcpy_t2.asm.obj (.text)
                  000005e4    00000068     driverlib.lib : interrupt.obj (.text:IntEnable)
                  0000064c    00000068     rtsv7M4_T_le_v4SPD16_eabi.lib : copy_decompress_lzss.c.obj (.text:decompress:lzss:__TI_decompress_lzss)
                  000006b4    00000060     driverlib.lib : timer.obj (.text:TimerConfigure)
                  00000714    0000004c                   : timer.obj (.text:_TimerIntNumberGet)
                  00000760    00000044     rtsv7M4_T_le_v4SPD16_eabi.lib : autoinit.c.obj (.text:__TI_auto_init_nobinit_nopinit:__TI_auto_init_nobinit_nopinit)
                  000007a4    00000034     driverlib.lib : interrupt.obj (.text:IntRegister)
                  000007d8    00000034                   : sysctl.obj (.text:SysCtlPeripheralEnable)
                  0000080c    00000034     rtsv7M4_T_le_v4SPD16_eabi.lib : boot_cortex_m.c.obj (.text:_c_int00_noargs:_c_int00_noargs)
                  00000840    0000002a     driverlib.lib : gpio.obj (.text:GPIODirModeSet)
                  0000086a    0000001c     rtsv7M4_T_le_v4SPD16_eabi.lib : copy_zero_init.c.obj (.text:decompress:ZI:__TI_zero_init_nomemset:__TI_zero_init_nomemset)
                  00000886    00000018     driverlib.lib : gpio.obj (.text:GPIOPinTypeGPIOOutput)
                  0000089e    00000018                   : timer.obj (.text:TimerIntRegister)
                  000008b6    00000012                   : timer.obj (.text:TimerLoadSet)
                  000008c8    00000010                   : interrupt.obj (.text:IntMasterEnable)
                  000008d8    0000000e                   : timer.obj (.text:TimerEnable)
                  000008e6    0000000e     rtsv7M4_T_le_v4SPD16_eabi.lib : copy_decompress_none.c.obj (.text:decompress:none:__TI_decompress_none)
                  000008f4    0000000c     driverlib.lib : cpu.obj (.text:CPUcpsie)
                  00000900    0000000c     tm4c123gh6pm_startup_ccs.obj (.text)
                  0000090c    00000008     driverlib.lib : timer.obj (.text:TimerIntEnable)
                  00000914    00000006                   : gpio.obj (.text:GPIOPinWrite)
                  0000091a    00000006                   : sysctl.obj (.text:SysCtlDelay)
                  00000920    00000004                   : timer.obj (.text:TimerIntClear)
                  00000924    00000004     rtsv7M4_T_le_v4SPD16_eabi.lib : pre_init.c.obj (.text:_system_pre_init)
                  00000928    00000004                                   : exit.c.obj (.text:abort:abort)

.const     0    0000092c    00000110     
                  0000092c    00000070     driverlib.lib : interrupt.obj (.const)
                  0000099c    00000060                   : timer.obj (.const:g_ppui32TimerIntMap)
                  000009fc    00000040                   : timer.obj (.const:g_ppui32TimerIntMapSnowflake)

.cinit     0    00000a40    00000030     
                  00000a40    0000000c     (__TI_handler_table)
                  00000a4c    00000004     --HOLE-- [fill = 0]
                  00000a50    00000008     (.cinit..vtable.load) [load image, compression = zero_init]
                  00000a58    00000007     (.cinit..data.load) [load image, compression = lzss]
                  00000a5f    00000001     --HOLE-- [fill = 0]
                  00000a60    00000010     (__TI_cinit_table)

.init_array 
*          0    00000000    00000000     UNINITIALIZED

.vtable    0    20000000    0000026c     UNINITIALIZED
                  20000000    0000026c     driverlib.lib : interrupt.obj (.vtable)

.data      0    2000026c    00000004     UNINITIALIZED
                  2000026c    00000004     mainLab7.obj (.data)

.stack     0    20000270    00000200     UNINITIALIZED
                  20000270    00000004     rtsv7M4_T_le_v4SPD16_eabi.lib : boot_cortex_m.c.obj (.stack)
                  20000274    000001fc     --HOLE--

__llvm_prf_cnts 
*          0    20000000    00000000     UNINITIALIZED

MODULE SUMMARY

       Module                         code   ro data   rw data
       ------                         ----   -------   -------
    .\
       tm4c123gh6pm_startup_ccs.obj   12     620       0      
       mainLab7.obj                   180    0         4      
    +--+------------------------------+------+---------+---------+
       Total:                         192    620       4      
                                                              
    C:/ti/TivaWare_C_Series-2.1.4.178/driverlib/ccs/Debug/driverlib.lib
       interrupt.obj                  172    112       620    
       timer.obj                      240    160       0      
       gpio.obj                       378    0         0      
       sysctl.obj                     302    0         0      
       cpu.obj                        12     0         0      
    +--+------------------------------+------+---------+---------+
       Total:                         1104   272       620    
                                                              
    C:\ti\ccs1031\ccs\tools\compiler\ti-cgt-arm_20.2.5.LTS\lib\rtsv7M4_T_le_v4SPD16_eabi.lib
       memcpy_t2.asm.obj              156    0         0      
       copy_decompress_lzss.c.obj     104    0         0      
       autoinit.c.obj                 68     0         0      
       boot_cortex_m.c.obj            52     0         0      
       copy_zero_init.c.obj           28     0         0      
       copy_decompress_none.c.obj     14     0         0      
       exit.c.obj                     4      0         0      
       pre_init.c.obj                 4      0         0      
    +--+------------------------------+------+---------+---------+
       Total:                         430    0         0      
                                                              
       Stack:                         0      0         512    
       Linker Generated:              0      43        0      
    +--+------------------------------+------+---------+---------+
       Grand Total:                   1726   935       1136   


LINKER GENERATED COPY TABLES

__TI_cinit_table @ 00000a60 records: 2, size/record: 8, table size: 16
	.vtable: load addr=00000a50, load size=00000008 bytes, run addr=20000000, run size=0000026c bytes, compression=zero_init
	.data: load addr=00000a58, load size=00000007 bytes, run addr=2000026c, run size=00000004 bytes, compression=lzss


LINKER GENERATED HANDLER TABLE

__TI_handler_table @ 00000a40 records: 3, size/record: 4, table size: 12
	index: 0, handler: __TI_zero_init
	index: 1, handler: __TI_decompress_lzss
	index: 2, handler: __TI_decompress_none


GLOBAL SYMBOLS: SORTED ALPHABETICALLY BY Name 

address   name                          
-------   ----                          
00000929  C$$EXIT                       
000008f5  CPUcpsie                      
00000841  GPIODirModeSet                
0000026d  GPIOPadConfigSet              
00000887  GPIOPinTypeGPIOOutput         
00000915  GPIOPinWrite                  
000005e5  IntEnable                     
000008c9  IntMasterEnable               
000007a5  IntRegister                   
00000901  ResetISR                      
000003a1  SysCtlClockSet                
0000091b  SysCtlDelay                   
000007d9  SysCtlPeripheralEnable        
00000507  Timer0IntHandler              
000006b5  TimerConfigure                
000008d9  TimerEnable                   
00000921  TimerIntClear                 
0000090d  TimerIntEnable                
0000089f  TimerIntRegister              
000008b7  TimerLoadSet                  
20000470  __STACK_END                   
00000200  __STACK_SIZE                  
20000470  __STACK_TOP                   
00000a60  __TI_CINIT_Base               
00000a70  __TI_CINIT_Limit              
00000a40  __TI_Handler_Table_Base       
00000a4c  __TI_Handler_Table_Limit      
00000761  __TI_auto_init_nobinit_nopinit
0000064d  __TI_decompress_lzss          
000008e7  __TI_decompress_none          
ffffffff  __TI_pprof_out_hndl           
ffffffff  __TI_prof_data_size           
ffffffff  __TI_prof_data_start          
00000000  __TI_static_base__            
0000086b  __TI_zero_init_nomemset       
00000549  __aeabi_memcpy                
00000549  __aeabi_memcpy4               
00000549  __aeabi_memcpy8               
ffffffff  __binit__                     
ffffffff  __c_args__                    
UNDEFED   __mpu_init                    
20000270  __stack                       
20000000  __start___llvm_prf_cnts       
20000000  __stop___llvm_prf_cnts        
0000080d  _c_int00_noargs               
UNDEFED   _system_post_cinit            
00000925  _system_pre_init              
00000929  abort                         
ffffffff  binit                         
20000000  g_pfnRAMVectors               
00000000  g_pfnVectors                  
00000495  main                          
00000549  memcpy                        
2000026c  state                         


GLOBAL SYMBOLS: SORTED BY Symbol Address 

address   name                          
-------   ----                          
00000000  __TI_static_base__            
00000000  g_pfnVectors                  
00000200  __STACK_SIZE                  
0000026d  GPIOPadConfigSet              
000003a1  SysCtlClockSet                
00000495  main                          
00000507  Timer0IntHandler              
00000549  __aeabi_memcpy                
00000549  __aeabi_memcpy4               
00000549  __aeabi_memcpy8               
00000549  memcpy                        
000005e5  IntEnable                     
0000064d  __TI_decompress_lzss          
000006b5  TimerConfigure                
00000761  __TI_auto_init_nobinit_nopinit
000007a5  IntRegister                   
000007d9  SysCtlPeripheralEnable        
0000080d  _c_int00_noargs               
00000841  GPIODirModeSet                
0000086b  __TI_zero_init_nomemset       
00000887  GPIOPinTypeGPIOOutput         
0000089f  TimerIntRegister              
000008b7  TimerLoadSet                  
000008c9  IntMasterEnable               
000008d9  TimerEnable                   
000008e7  __TI_decompress_none          
000008f5  CPUcpsie                      
00000901  ResetISR                      
0000090d  TimerIntEnable                
00000915  GPIOPinWrite                  
0000091b  SysCtlDelay                   
00000921  TimerIntClear                 
00000925  _system_pre_init              
00000929  C$$EXIT                       
00000929  abort                         
00000a40  __TI_Handler_Table_Base       
00000a4c  __TI_Handler_Table_Limit      
00000a60  __TI_CINIT_Base               
00000a70  __TI_CINIT_Limit              
20000000  __start___llvm_prf_cnts       
20000000  __stop___llvm_prf_cnts        
20000000  g_pfnRAMVectors               
2000026c  state                         
20000270  __stack                       
20000470  __STACK_END                   
20000470  __STACK_TOP                   
ffffffff  __TI_pprof_out_hndl           
ffffffff  __TI_prof_data_size           
ffffffff  __TI_prof_data_start          
ffffffff  __binit__                     
ffffffff  __c_args__                    
ffffffff  binit                         
UNDEFED   __mpu_init                    
UNDEFED   _system_post_cinit            

[54 symbols]
