******************************************************************************
                  TI ARM Linker PC v20.2.5                     
******************************************************************************
>> Linked Fri May 28 23:26:06 2021

OUTPUT FILE NAME:   <Proyecto_Final.out>
ENTRY POINT SYMBOL: "_c_int00_noargs"  address: 00000915


MEMORY CONFIGURATION

         name            origin    length      used     unused   attr    fill
----------------------  --------  ---------  --------  --------  ----  --------
  FLASH                 00000000   00040000  00000aac  0003f554  R  X
  SRAM                  20000000   00008000  00000224  00007ddc  RW X


SEGMENT ALLOCATION MAP

run origin  load origin   length   init length attrs members
----------  ----------- ---------- ----------- ----- -------
00000000    00000000    00000ab0   00000ab0    r-x
  00000000    00000000    0000026c   0000026c    r-- .intvecs
  0000026c    0000026c    00000780   00000780    r-x .text
  000009ec    000009ec    00000090   00000090    r-- .const
  00000a80    00000a80    00000030   00000030    r-- .cinit
20000000    20000000    00000224   00000000    rw-
  20000000    20000000    00000200   00000000    rw- .stack
  20000200    20000200    00000020   00000000    rw- .bss
  20000220    20000220    00000004   00000000    rw- .data


SECTION ALLOCATION MAP

 output                                  attributes/
section   page    origin      length       input sections
--------  ----  ----------  ----------   ----------------
.intvecs   0    00000000    0000026c     
                  00000000    0000026c     tm4c123gh6pm_startup_ccs.obj (.intvecs)

.text      0    0000026c    00000780     
                  0000026c    000002bc     main.obj (.text)
                  00000528    00000132     driverlib.lib : gpio.obj (.text:GPIOPadConfigSet)
                  0000065a    00000002     --HOLE-- [fill = 0]
                  0000065c    000000f4                   : sysctl.obj (.text:SysCtlClockSet)
                  00000750    0000009c     rtsv7M4_T_le_v4SPD16_eabi.lib : memcpy_t2.asm.obj (.text)
                  000007ec    00000068                                   : copy_decompress_lzss.c.obj (.text:decompress:lzss:__TI_decompress_lzss)
                  00000854    00000048     driverlib.lib : gpio.obj (.text:GPIOPinConfigure)
                  0000089c    00000044     rtsv7M4_T_le_v4SPD16_eabi.lib : autoinit.c.obj (.text:__TI_auto_init_nobinit_nopinit:__TI_auto_init_nobinit_nopinit)
                  000008e0    00000034     driverlib.lib : sysctl.obj (.text:SysCtlPeripheralEnable)
                  00000914    00000034     rtsv7M4_T_le_v4SPD16_eabi.lib : boot_cortex_m.c.obj (.text:_c_int00_noargs:_c_int00_noargs)
                  00000948    0000002a     driverlib.lib : gpio.obj (.text:GPIODirModeSet)
                  00000972    0000001c     rtsv7M4_T_le_v4SPD16_eabi.lib : copy_zero_init.c.obj (.text:decompress:ZI:__TI_zero_init_nomemset:__TI_zero_init_nomemset)
                  0000098e    00000018     driverlib.lib : gpio.obj (.text:GPIOPinTypeGPIOOutput)
                  000009a6    00000012                   : gpio.obj (.text:GPIOPinTypeGPIOInput)
                  000009b8    0000000e     rtsv7M4_T_le_v4SPD16_eabi.lib : copy_decompress_none.c.obj (.text:decompress:none:__TI_decompress_none)
                  000009c6    0000000c     tm4c123gh6pm_startup_ccs.obj (.text)
                  000009d2    00000006     driverlib.lib : gpio.obj (.text:GPIOPinRead)
                  000009d8    00000006                   : gpio.obj (.text:GPIOPinWrite)
                  000009de    00000006                   : sysctl.obj (.text:SysCtlDelay)
                  000009e4    00000004     rtsv7M4_T_le_v4SPD16_eabi.lib : pre_init.c.obj (.text:_system_pre_init)
                  000009e8    00000004                                   : exit.c.obj (.text:abort:abort)

.const     0    000009ec    00000090     
                  000009ec    00000090     driverlib.lib : gpio.obj (.const:g_pui32GPIOBaseAddrs)

.cinit     0    00000a80    00000030     
                  00000a80    0000000c     (__TI_handler_table)
                  00000a8c    00000004     --HOLE-- [fill = 0]
                  00000a90    00000008     (.cinit..bss.load) [load image, compression = zero_init]
                  00000a98    00000007     (.cinit..data.load) [load image, compression = lzss]
                  00000a9f    00000001     --HOLE-- [fill = 0]
                  00000aa0    00000010     (__TI_cinit_table)

.init_array 
*          0    00000000    00000000     UNINITIALIZED

.bss       0    20000200    00000020     UNINITIALIZED
                  20000200    00000004     (.common:d1)
                  20000204    00000004     (.common:d2)
                  20000208    00000004     (.common:d3)
                  2000020c    00000004     (.common:d4)
                  20000210    00000004     (.common:p1)
                  20000214    00000004     (.common:p2)
                  20000218    00000004     (.common:p3)
                  2000021c    00000004     (.common:p4)

.data      0    20000220    00000004     UNINITIALIZED
                  20000220    00000004     main.obj (.data)

.stack     0    20000000    00000200     UNINITIALIZED
                  20000000    00000004     rtsv7M4_T_le_v4SPD16_eabi.lib : boot_cortex_m.c.obj (.stack)
                  20000004    000001fc     --HOLE--

__llvm_prf_cnts 
*          0    20000000    00000000     UNINITIALIZED

MODULE SUMMARY

       Module                         code   ro data   rw data
       ------                         ----   -------   -------
    .\
       main.obj                       700    0         36     
       tm4c123gh6pm_startup_ccs.obj   12     620       0      
    +--+------------------------------+------+---------+---------+
       Total:                         712    620       36     
                                                              
    C:/ti/TivaWare_C_Series-2.1.4.178/driverlib/ccs/Debug/driverlib.lib
       gpio.obj                       474    144       0      
       sysctl.obj                     302    0         0      
    +--+------------------------------+------+---------+---------+
       Total:                         776    144       0      
                                                              
    C:\ti\ccs1031\ccs\tools\compiler\ti-cgt-arm_20.2.5.LTS\lib\rtsv7M4_T_le_v4SPD16_eabi.lib
       memcpy_t2.asm.obj              156    0         0      
       copy_decompress_lzss.c.obj     104    0         0      
       autoinit.c.obj                 68     0         0      
       boot_cortex_m.c.obj            52     0         0      
       copy_zero_init.c.obj           28     0         0      
       copy_decompress_none.c.obj     14     0         0      
       exit.c.obj                     4      0         0      
       pre_init.c.obj                 4      0         0      
    +--+------------------------------+------+---------+---------+
       Total:                         430    0         0      
                                                              
       Stack:                         0      0         512    
       Linker Generated:              0      43        0      
    +--+------------------------------+------+---------+---------+
       Grand Total:                   1918   807       548    


LINKER GENERATED COPY TABLES

__TI_cinit_table @ 00000aa0 records: 2, size/record: 8, table size: 16
	.bss: load addr=00000a90, load size=00000008 bytes, run addr=20000200, run size=00000020 bytes, compression=zero_init
	.data: load addr=00000a98, load size=00000007 bytes, run addr=20000220, run size=00000004 bytes, compression=lzss


LINKER GENERATED HANDLER TABLE

__TI_handler_table @ 00000a80 records: 3, size/record: 4, table size: 12
	index: 0, handler: __TI_decompress_lzss
	index: 1, handler: __TI_decompress_none
	index: 2, handler: __TI_zero_init


GLOBAL SYMBOLS: SORTED ALPHABETICALLY BY Name 

address   name                          
-------   ----                          
000009e9  C$$EXIT                       
00000949  GPIODirModeSet                
00000529  GPIOPadConfigSet              
00000855  GPIOPinConfigure              
000009d3  GPIOPinRead                   
000009a7  GPIOPinTypeGPIOInput          
0000098f  GPIOPinTypeGPIOOutput         
000009d9  GPIOPinWrite                  
000009c7  ResetISR                      
00000371  Revision                      
0000065d  SysCtlClockSet                
000009df  SysCtlDelay                   
000008e1  SysCtlPeripheralEnable        
20000200  __STACK_END                   
00000200  __STACK_SIZE                  
20000200  __STACK_TOP                   
00000aa0  __TI_CINIT_Base               
00000ab0  __TI_CINIT_Limit              
00000a80  __TI_Handler_Table_Base       
00000a8c  __TI_Handler_Table_Limit      
0000089d  __TI_auto_init_nobinit_nopinit
000007ed  __TI_decompress_lzss          
000009b9  __TI_decompress_none          
ffffffff  __TI_pprof_out_hndl           
ffffffff  __TI_prof_data_size           
ffffffff  __TI_prof_data_start          
00000000  __TI_static_base__            
00000973  __TI_zero_init_nomemset       
00000751  __aeabi_memcpy                
00000751  __aeabi_memcpy4               
00000751  __aeabi_memcpy8               
ffffffff  __binit__                     
ffffffff  __c_args__                    
UNDEFED   __mpu_init                    
20000000  __stack                       
20000000  __start___llvm_prf_cnts       
20000000  __stop___llvm_prf_cnts        
00000915  _c_int00_noargs               
UNDEFED   _system_post_cinit            
000009e5  _system_pre_init              
000009e9  abort                         
ffffffff  binit                         
20000200  d1                            
20000204  d2                            
20000208  d3                            
2000020c  d4                            
20000220  disp                          
0000047d  display                       
00000000  g_pfnVectors                  
0000026d  main                          
00000751  memcpy                        
20000210  p1                            
20000214  p2                            
20000218  p3                            
2000021c  p4                            


GLOBAL SYMBOLS: SORTED BY Symbol Address 

address   name                          
-------   ----                          
00000000  __TI_static_base__            
00000000  g_pfnVectors                  
00000200  __STACK_SIZE                  
0000026d  main                          
00000371  Revision                      
0000047d  display                       
00000529  GPIOPadConfigSet              
0000065d  SysCtlClockSet                
00000751  __aeabi_memcpy                
00000751  __aeabi_memcpy4               
00000751  __aeabi_memcpy8               
00000751  memcpy                        
000007ed  __TI_decompress_lzss          
00000855  GPIOPinConfigure              
0000089d  __TI_auto_init_nobinit_nopinit
000008e1  SysCtlPeripheralEnable        
00000915  _c_int00_noargs               
00000949  GPIODirModeSet                
00000973  __TI_zero_init_nomemset       
0000098f  GPIOPinTypeGPIOOutput         
000009a7  GPIOPinTypeGPIOInput          
000009b9  __TI_decompress_none          
000009c7  ResetISR                      
000009d3  GPIOPinRead                   
000009d9  GPIOPinWrite                  
000009df  SysCtlDelay                   
000009e5  _system_pre_init              
000009e9  C$$EXIT                       
000009e9  abort                         
00000a80  __TI_Handler_Table_Base       
00000a8c  __TI_Handler_Table_Limit      
00000aa0  __TI_CINIT_Base               
00000ab0  __TI_CINIT_Limit              
20000000  __stack                       
20000000  __start___llvm_prf_cnts       
20000000  __stop___llvm_prf_cnts        
20000200  __STACK_END                   
20000200  __STACK_TOP                   
20000200  d1                            
20000204  d2                            
20000208  d3                            
2000020c  d4                            
20000210  p1                            
20000214  p2                            
20000218  p3                            
2000021c  p4                            
20000220  disp                          
ffffffff  __TI_pprof_out_hndl           
ffffffff  __TI_prof_data_size           
ffffffff  __TI_prof_data_start          
ffffffff  __binit__                     
ffffffff  __c_args__                    
ffffffff  binit                         
UNDEFED   __mpu_init                    
UNDEFED   _system_post_cinit            

[55 symbols]
